Component: ARM Compiler 5.05 update 1 (build 106) Tool: armlink [4d0efa]

==============================================================================

Section Cross References

    main.o(i.app_task_frm) refers to rt_memclr_w.o(.text) for __aeabi_memclr4
    main.o(i.app_task_frm) refers to main.o(i.dgb_printf_safe) for dgb_printf_safe
    main.o(i.app_task_frm) refers to delay.o(i.delay_ms) for delay_ms
    main.o(i.app_task_frm) refers to fm225.o(i.fr_init) for fr_init
    main.o(i.app_task_frm) refers to event_groups.o(i.xEventGroupWaitBits) for xEventGroupWaitBits
    main.o(i.app_task_frm) refers to fm225.o(i.fr_reg_user) for fr_reg_user
    main.o(i.app_task_frm) refers to fm225.o(i.fr_power_down) for fr_power_down
    main.o(i.app_task_frm) refers to fm225.o(i.fr_match) for fr_match
    main.o(i.app_task_frm) refers to event_groups.o(i.xEventGroupSetBits) for xEventGroupSetBits
    main.o(i.app_task_frm) refers to fm225.o(i.fr_get_user_total) for fr_get_user_total
    main.o(i.app_task_frm) refers to beep.o(i.beep_on) for beep_on
    main.o(i.app_task_frm) refers to beep.o(i.beep_off) for beep_off
    main.o(i.app_task_frm) refers to fm225.o(i.fr_del_user_all) for fr_del_user_all
    main.o(i.app_task_frm) refers to main.o(.data) for .data
    main.o(i.app_task_frm) refers to main.o(.conststring) for .conststring
    main.o(i.app_task_init) refers to asrpro.o(i.asr_init) for asr_init
    main.o(i.app_task_init) refers to beep.o(i.beep_init) for beep_init
    main.o(i.app_task_init) refers to dht11.o(i.dht11_init) for dht11_init
    main.o(i.app_task_init) refers to rtc.o(i.rtc_init) for rtc_init
    main.o(i.app_task_init) refers to key.o(i.key_init) for key_init
    main.o(i.app_task_init) refers to led.o(i.led_init) for led_init
    main.o(i.app_task_init) refers to oled.o(i.OLED_Init) for OLED_Init
    main.o(i.app_task_init) refers to oled.o(i.OLED_Clear) for OLED_Clear
    main.o(i.app_task_init) refers to oled.o(i.OLED_ShowCHinese) for OLED_ShowCHinese
    main.o(i.app_task_init) refers to sr04.o(i.sr04_init) for sr04_init
    main.o(i.app_task_init) refers to uln2003.o(i.motor_init) for motor_init
    main.o(i.app_task_init) refers to queue.o(i.xQueueCreateMutex) for xQueueCreateMutex
    main.o(i.app_task_init) refers to queue.o(i.xQueueGenericCreate) for xQueueGenericCreate
    main.o(i.app_task_init) refers to event_groups.o(i.xEventGroupCreate) for xEventGroupCreate
    main.o(i.app_task_init) refers to port.o(i.vPortEnterCritical) for vPortEnterCritical
    main.o(i.app_task_init) refers to tasks.o(i.xTaskCreate) for xTaskCreate
    main.o(i.app_task_init) refers to port.o(i.vPortExitCritical) for vPortExitCritical
    main.o(i.app_task_init) refers to tasks.o(i.vTaskDelete) for vTaskDelete
    main.o(i.app_task_init) refers to main.o(.data) for .data
    main.o(i.app_task_init) refers to main.o(i.app_task_rtc) for app_task_rtc
    main.o(i.app_task_init) refers to main.o(i.app_task_key) for app_task_key
    main.o(i.app_task_init) refers to main.o(i.app_task_frm) for app_task_frm
    main.o(i.app_task_init) refers to main.o(i.app_task_sr04) for app_task_sr04
    main.o(i.app_task_init) refers to main.o(i.app_task_motor) for app_task_motor
    main.o(i.app_task_init) refers to main.o(i.app_task_usart) for app_task_usart
    main.o(i.app_task_key) refers to key.o(i.key_init) for key_init
    main.o(i.app_task_key) refers to event_groups.o(i.xEventGroupWaitBits) for xEventGroupWaitBits
    main.o(i.app_task_key) refers to tasks.o(i.vTaskDelay) for vTaskDelay
    main.o(i.app_task_key) refers to main.o(i.NVIC_DisableIRQ) for NVIC_DisableIRQ
    main.o(i.app_task_key) refers to main.o(i.dgb_printf_safe) for dgb_printf_safe
    main.o(i.app_task_key) refers to event_groups.o(i.xEventGroupSetBits) for xEventGroupSetBits
    main.o(i.app_task_key) refers to main.o(i.NVIC_EnableIRQ) for NVIC_EnableIRQ
    main.o(i.app_task_key) refers to main.o(.data) for .data
    main.o(i.app_task_motor) refers to event_groups.o(i.xEventGroupWaitBits) for xEventGroupWaitBits
    main.o(i.app_task_motor) refers to queue.o(i.xQueueSemaphoreTake) for xQueueSemaphoreTake
    main.o(i.app_task_motor) refers to oled.o(i.OLED_Clear) for OLED_Clear
    main.o(i.app_task_motor) refers to oled.o(i.OLED_DrawBMP) for OLED_DrawBMP
    main.o(i.app_task_motor) refers to oled.o(i.OLED_ShowCHinese) for OLED_ShowCHinese
    main.o(i.app_task_motor) refers to queue.o(i.xQueueGenericSend) for xQueueGenericSend
    main.o(i.app_task_motor) refers to main.o(i.dgb_printf_safe) for dgb_printf_safe
    main.o(i.app_task_motor) refers to uln2003.o(i.motor_corotation_double_rev_180) for motor_corotation_double_rev_180
    main.o(i.app_task_motor) refers to delay.o(i.delay_ms) for delay_ms
    main.o(i.app_task_motor) refers to uln2003.o(i.motor_corotation_double_pos_180) for motor_corotation_double_pos_180
[...]
    __rt_lib_init_getenv_1                   0x080002af   Thumb Code     0  libinit2.o(.ARM.Collect$$libinit$$00000023)
    __rt_lib_init_lc_numeric_1               0x080002af   Thumb Code     0  libinit2.o(.ARM.Collect$$libinit$$00000017)
    __rt_lib_init_lc_time_1                  0x080002af   Thumb Code     0  libinit2.o(.ARM.Collect$$libinit$$00000019)
    __rt_lib_init_return                     0x080002af   Thumb Code     0  libinit2.o(.ARM.Collect$$libinit$$00000033)
    __rt_lib_init_signal_1                   0x080002af   Thumb Code     0  libinit2.o(.ARM.Collect$$libinit$$0000001D)
    __rt_lib_init_stdio_1                    0x080002af   Thumb Code     0  libinit2.o(.ARM.Collect$$libinit$$00000025)
    __rt_lib_shutdown                        0x080002b1   Thumb Code     0  libshutdown.o(.ARM.Collect$$libshutdown$$00000000)
    __rt_lib_shutdown_fp_trap_1              0x080002b3   Thumb Code     0  libshutdown2.o(.ARM.Collect$$libshutdown$$00000006)
    __rt_lib_shutdown_heap_1                 0x080002b3   Thumb Code     0  libshutdown2.o(.ARM.Collect$$libshutdown$$0000000E)
    __rt_lib_shutdown_return                 0x080002b3   Thumb Code     0  libshutdown2.o(.ARM.Collect$$libshutdown$$0000000F)
    __rt_lib_shutdown_signal_1               0x080002b3   Thumb Code     0  libshutdown2.o(.ARM.Collect$$libshutdown$$00000009)
    __rt_lib_shutdown_stdio_1                0x080002b3   Thumb Code     0  libshutdown2.o(.ARM.Collect$$libshutdown$$00000003)
    __rt_lib_shutdown_user_alloc_1           0x080002b3   Thumb Code     0  libshutdown2.o(.ARM.Collect$$libshutdown$$0000000B)
    __rt_entry                               0x080002b5   Thumb Code     0  __rtentry.o(.ARM.Collect$$rtentry$$00000000)
    __rt_entry_presh_1                       0x080002b5   Thumb Code     0  __rtentry2.o(.ARM.Collect$$rtentry$$00000002)
    __rt_entry_sh                            0x080002b5   Thumb Code     0  __rtentry4.o(.ARM.Collect$$rtentry$$00000004)
    __rt_entry_li                            0x080002bb   Thumb Code     0  __rtentry2.o(.ARM.Collect$$rtentry$$0000000A)
    __rt_entry_postsh_1                      0x080002bb   Thumb Code     0  __rtentry2.o(.ARM.Collect$$rtentry$$00000009)
    __rt_entry_main                          0x080002bf   Thumb Code     0  __rtentry2.o(.ARM.Collect$$rtentry$$0000000D)
    __rt_entry_postli_1                      0x080002bf   Thumb Code     0  __rtentry2.o(.ARM.Collect$$rtentry$$0000000C)
    __rt_exit                                0x080002c7   Thumb Code     0  rtexit.o(.ARM.Collect$$rtexit$$00000000)
    __rt_exit_ls                             0x080002c9   Thumb Code     0  rtexit2.o(.ARM.Collect$$rtexit$$00000003)
    __rt_exit_prels_1                        0x080002c9   Thumb Code     0  rtexit2.o(.ARM.Collect$$rtexit$$00000002)
    __rt_exit_exit                           0x080002cd   Thumb Code     0  rtexit2.o(.ARM.Collect$$rtexit$$00000004)
    SVC_Handler                              0x080002d5   Thumb Code    28  port.o(.emb_text)
    __asm___6_port_c_39a90d8d__prvStartFirstTask 0x080002f5   Thumb Code    36  port.o(.emb_text)
    __asm___6_port_c_39a90d8d__prvEnableVFP  0x0800031d   Thumb Code    16  port.o(.emb_text)
    PendSV_Handler                           0x08000331   Thumb Code    88  port.o(.emb_text)
    vPortGetIPSR                             0x0800038d   Thumb Code     6  port.o(.emb_text)
    Reset_Handler                            0x08000395   Thumb Code     8  startup_stm32f40_41xxx.o(.text)
    ADC_IRQHandler                           0x080003af   Thumb Code     0  startup_stm32f40_41xxx.o(.text)
    CAN1_RX0_IRQHandler                      0x080003af   Thumb Code     0  startup_stm32f40_41xxx.o(.text)
    CAN1_RX1_IRQHandler                      0x080003af   Thumb Code     0  startup_stm32f40_41xxx.o(.text)
    CAN1_SCE_IRQHandler                      0x080003af   Thumb Code     0  startup_stm32f40_41xxx.o(.text)
    CAN1_TX_IRQHandler                       0x080003af   Thumb Code     0  startup_stm32f40_41xxx.o(.text)
    CAN2_RX0_IRQHandler                      0x080003af   Thumb Code     0  startup_stm32f40_41xxx.o(.text)
    CAN2_RX1_IRQHandler                      0x080003af   Thumb Code     0  startup_stm32f40_41xxx.o(.text)
    CAN2_SCE_IRQHandler                      0x080003af   Thumb Code     0  startup_stm32f40_41xxx.o(.text)
    CAN2_TX_IRQHandler                       0x080003af   Thumb Code     0  startup_stm32f40_41xxx.o(.text)
    CRYP_IRQHandler                          0x080003af   Thumb Code     0  startup_stm32f40_41xxx.o(.text)
    DCMI_IRQHandler                          0x080003af   Thumb Code     0  startup_stm32f40_41xxx.o(.text)
    DMA1_Stream0_IRQHandler                  0x080003af   Thumb Code     0  startup_stm32f40_41xxx.o(.text)
    DMA1_Stream1_IRQHandler                  0x080003af   Thumb Code     0  startup_stm32f40_41xxx.o(.text)
    DMA1_Stream2_IRQHandler                  0x080003af   Thumb Code     0  startup_stm32f40_41xxx.o(.text)
    DMA1_Stream3_IRQHandler                  0x080003af   Thumb Code     0  startup_stm32f40_41xxx.o(.text)
    DMA1_Stream4_IRQHandler                  0x080003af   Thumb Code     0  startup_stm32f40_41xxx.o(.text)
    DMA1_Stream5_IRQHandler                  0x080003af   Thumb Code     0  startup_stm32f40_41xxx.o(.text)
    DMA1_Stream6_IRQHandler                  0x080003af   Thumb Code     0  startup_stm32f40_41xxx.o(.text)
    DMA1_Stream7_IRQHandler                  0x080003af   Thumb Code     0  startup_stm32f40_41xxx.o(.text)
    DMA2_Stream0_IRQHandler                  0x080003af   Thumb Code     0  startup_stm32f40_41xxx.o(.text)
    DMA2_Stream1_IRQHandler                  0x080003af   Thumb Code     0  startup_stm32f40_41xxx.o(.text)
    DMA2_Stream2_IRQHandler                  0x080003af   Thumb Code     0  startup_stm32f40_41xxx.o(.text)
    DMA2_Stream3_IRQHandler                  0x080003af   Thumb Code     0  startup_stm32f40_41xxx.o(.text)
    DMA2_Stream4_IRQHandler                  0x080003af   Thumb Code     0  startup_stm32f40_41xxx.o(.text)
    DMA2_Stream5_IRQHandler                  0x080003af   Thumb Code     0  startup_stm32f40_41xxx.o(.text)
    DMA2_Stream6_IRQHandler                  0x080003af   Thumb Code     0  startup_stm32f40_41xxx.o(.text)
    DMA2_Stream7_IRQHandler                  0x080003af   Thumb Code     0  startup_stm32f40_41xxx.o(.text)
    ETH_IRQHandler                           0x080003af   Thumb Code     0  startup_stm32f40_41xxx.o(.text)
    ETH_WKUP_IRQHandler                      0x080003af   Thumb Code     0  startup_stm32f40_41xxx.o(.text)
    EXTI15_10_IRQHandler                     0x080003af   Thumb Code     0  startup_stm32f40_41xxx.o(.text)
    EXTI1_IRQHandler                         0x080003af   Thumb Code     0  startup_stm32f40_41xxx.o(.text)
    EXTI9_5_IRQHandler                       0x080003af   Thumb Code     0  startup_stm32f40_41xxx.o(.text)
    FLASH_IRQHandler                         0x080003af   Thumb Code     0  startup_stm32f40_41xxx.o(.text)
    FPU_IRQHandler                           0x080003af   Thumb Code     0  startup_stm32f40_41xxx.o(.text)
    FSMC_IRQHandler                          0x080003af   Thumb Code     0  startup_stm32f40_41xxx.o(.text)
    HASH_RNG_IRQHandler                      0x080003af   Thumb Code     0  startup_stm32f40_41xxx.o(.text)
    I2C1_ER_IRQHandler                       0x080003af   Thumb Code     0  startup_stm32f40_41xxx.o(.text)
    I2C1_EV_IRQHandler                       0x080003af   Thumb Code     0  startup_stm32f40_41xxx.o(.text)
    I2C2_ER_IRQHandler                       0x080003af   Thumb Code     0  startup_stm32f40_41xxx.o(.text)
    I2C2_EV_IRQHandler                       0x080003af   Thumb Code     0  startup_stm32f40_41xxx.o(.text)
    I2C3_ER_IRQHandler                       0x080003af   Thumb Code     0  startup_stm32f40_41xxx.o(.text)
    I2C3_EV_IRQHandler                       0x080003af   Thumb Code     0  startup_stm32f40_41xxx.o(.text)
    OTG_FS_IRQHandler                        0x080003af   Thumb Code     0  startup_stm32f40_41xxx.o(.text)
    OTG_FS_WKUP_IRQHandler                   0x080003af   Thumb Code     0  startup_stm32f40_41xxx.o(.text)
    OTG_HS_EP1_IN_IRQHandler                 0x080003af   Thumb Code     0  startup_stm32f40_41xxx.o(.text)
    OTG_HS_EP1_OUT_IRQHandler                0x080003af   Thumb Code     0  startup_stm32f40_41xxx.o(.text)
    OTG_HS_IRQHandler                        0x080003af   Thumb Code     0  startup_stm32f40_41xxx.o(.text)
    OTG_HS_WKUP_IRQHandler                   0x080003af   Thumb Code     0  startup_stm32f40_41xxx.o(.text)
    PVD_IRQHandler                           0x080003af   Thumb Code     0  startup_stm32f40_41xxx.o(.text)
    RCC_IRQHandler                           0x080003af   Thumb Code     0  startup_stm32f40_41xxx.o(.text)
    SDIO_IRQHandler                          0x080003af   Thumb Code     0  startup_stm32f40_41xxx.o(.text)
    SPI1_IRQHandler                          0x080003af   Thumb Code     0  startup_stm32f40_41xxx.o(.text)
    SPI2_IRQHandler                          0x080003af   Thumb Code     0  startup_stm32f40_41xxx.o(.text)
    SPI3_IRQHandler                          0x080003af   Thumb Code     0  startup_stm32f40_41xxx.o(.text)
    TAMP_STAMP_IRQHandler                    0x080003af   Thumb Code     0  startup_stm32f40_41xxx.o(.text)
    TIM1_BRK_TIM9_IRQHandler                 0x080003af   Thumb Code     0  startup_stm32f40_41xxx.o(.text)
    TIM1_CC_IRQHandler                       0x080003af   Thumb Code     0  startup_stm32f40_41xxx.o(.text)
    TIM1_TRG_COM_TIM11_IRQHandler            0x080003af   Thumb Code     0  startup_stm32f40_41xxx.o(.text)
    TIM1_UP_TIM10_IRQHandler                 0x080003af   Thumb Code     0  startup_stm32f40_41xxx.o(.text)
    TIM2_IRQHandler                          0x080003af   Thumb Code     0  startup_stm32f40_41xxx.o(.text)
    TIM4_IRQHandler                          0x080003af   Thumb Code     0  startup_stm32f40_41xxx.o(.text)
    TIM5_IRQHandler                          0x080003af   Thumb Code     0  startup_stm32f40_41xxx.o(.text)
    TIM6_DAC_IRQHandler                      0x080003af   Thumb Code     0  startup_stm32f40_41xxx.o(.text)
    TIM7_IRQHandler                          0x080003af   Thumb Code     0  startup_stm32f40_41xxx.o(.text)
    TIM8_BRK_TIM12_IRQHandler                0x080003af   Thumb Code     0  startup_stm32f40_41xxx.o(.text)
    TIM8_CC_IRQHandler                       0x080003af   Thumb Code     0  startup_stm32f40_41xxx.o(.text)
    TIM8_TRG_COM_TIM14_IRQHandler            0x080003af   Thumb Code     0  startup_stm32f40_41xxx.o(.text)
    TIM8_UP_TIM13_IRQHandler                 0x080003af   Thumb Code     0  startup_stm32f40_41xxx.o(.text)
    UART4_IRQHandler                         0x080003af   Thumb Code     0  startup_stm32f40_41xxx.o(.text)
    UART5_IRQHandler                         0x080003af   Thumb Code     0  startup_stm32f40_41xxx.o(.text)
    USART6_IRQHandler                        0x080003af   Thumb Code     0  startup_stm32f40_41xxx.o(.text)
    WWDG_IRQHandler                          0x080003af   Thumb Code     0  startup_stm32f40_41xxx.o(.text)
    __user_initial_stackheap                 0x080003b1   Thumb Code     0  startup_stm32f40_41xxx.o(.text)
    __use_no_semihosting                     0x080003d5   Thumb Code     2  use_no_semi_2.o(.text)
    __c89vprintf                             0x080003d9   Thumb Code     8  c89vprintf.o(.text)
    __2printf                                0x080003e5   Thumb Code    20  __2printf.o(.text)
    __2sprintf                               0x080003fd   Thumb Code    38  __2sprintf.o(.text)
    _printf_pre_padding                      0x08000429   Thumb Code    44  _printf_pad.o(.text)
    _printf_post_padding                     0x08000455   Thumb Code    34  _printf_pad.o(.text)
    _printf_str                              0x08000477   Thumb Code    82  _printf_str.o(.text)
    _printf_int_dec                          0x080004c9   Thumb Code   104  _printf_dec.o(.text)
    __printf                                 0x08000541   Thumb Code   388  __printf_flags_ss_wp.o(.text)
    atoi                                     0x080006c9   Thumb Code    26  atoi.o(.text)
    strtok                                   0x080006e5   Thumb Code     6  strtok.o(.text)
    strstr                                   0x080006f1   Thumb Code    36  strstr.o(.text)
    strlen                                   0x08000715   Thumb Code    62  strlen.o(.text)
    __aeabi_memcpy                           0x08000753   Thumb Code     0  rt_memcpy_v6.o(.text)
    __rt_memcpy                              0x08000753   Thumb Code   138  rt_memcpy_v6.o(.text)
    _memcpy_lastbytes                        0x080007b9   Thumb Code     0  rt_memcpy_v6.o(.text)
    __aeabi_memset                           0x080007dd   Thumb Code    16  aeabi_memset.o(.text)
    __aeabi_memclr                           0x080007ed   Thumb Code     0  rt_memclr.o(.text)
    __rt_memclr                              0x080007ed   Thumb Code    68  rt_memclr.o(.text)
    _memset                                  0x080007f1   Thumb Code     0  rt_memclr.o(.text)
    __aeabi_memclr4                          0x08000831   Thumb Code     0  rt_memclr_w.o(.text)
    __aeabi_memclr8                          0x08000831   Thumb Code     0  rt_memclr_w.o(.text)
    __rt_memclr_w                            0x08000831   Thumb Code    78  rt_memclr_w.o(.text)
    _memset_w                                0x08000835   Thumb Code     0  rt_memclr_w.o(.text)
    __use_two_region_memory                  0x0800087f   Thumb Code     2  heapauxi.o(.text)
    __rt_heap_escrow$2region                 0x08000881   Thumb Code     2  heapauxi.o(.text)
    __rt_heap_expand$2region                 0x08000883   Thumb Code     2  heapauxi.o(.text)
    __I$use$semihosting                      0x08000885   Thumb Code     0  use_no_semi.o(.text)
    __use_no_semihosting_swi                 0x08000885   Thumb Code     2  use_no_semi.o(.text)
    __aeabi_errno_addr                       0x08000889   Thumb Code     8  rt_errno_addr_intlibspace.o(.text)
    __errno$intlibspace                      0x08000889   Thumb Code     0  rt_errno_addr_intlibspace.o(.text)
    __rt_errno_addr$intlibspace              0x08000889   Thumb Code     0  rt_errno_addr_intlibspace.o(.text)
    _printf_truncate_signed                  0x08000891   Thumb Code    18  _printf_truncate.o(.text)
    _printf_truncate_unsigned                0x080008a3   Thumb Code    18  _printf_truncate.o(.text)
    _printf_int_common                       0x080008b5   Thumb Code   178  _printf_intcommon.o(.text)
    _printf_charcount                        0x08000967   Thumb Code    40  _printf_charcount.o(.text)
    _printf_char_common                      0x0800099b   Thumb Code    32  _printf_char_common.o(.text)
    _sputc                                   0x080009c1   Thumb Code    10  _sputc.o(.text)
    _printf_cs_common                        0x080009cb   Thumb Code    20  _printf_char.o(.text)
    _printf_char                             0x080009df   Thumb Code    16  _printf_char.o(.text)
    _printf_string                           0x080009ef   Thumb Code     8  _printf_char.o(.text)
    _printf_char_file                        0x080009f9   Thumb Code    32  _printf_char_file.o(.text)
    _printf_wctomb                           0x08000a1d   Thumb Code   182  _printf_wctomb.o(.text)
    _printf_longlong_dec                     0x08000ad9   Thumb Code   108  _printf_longlong_dec.o(.text)
    _printf_longlong_oct                     0x08000b55   Thumb Code    68  _printf_oct_int_ll.o(.text)
    _printf_int_oct                          0x08000b99   Thumb Code    24  _printf_oct_int_ll.o(.text)
    _printf_ll_oct                           0x08000bb1   Thumb Code    12  _printf_oct_int_ll.o(.text)
    _printf_longlong_hex                     0x08000bc5   Thumb Code    86  _printf_hex_int_ll_ptr.o(.text)
    _printf_int_hex                          0x08000c1b   Thumb Code    28  _printf_hex_int_ll_ptr.o(.text)
    _printf_ll_hex                           0x08000c37   Thumb Code    12  _printf_hex_int_ll_ptr.o(.text)
    _printf_hex_ptr                          0x08000c43   Thumb Code    18  _printf_hex_int_ll_ptr.o(.text)
    strtol                                   0x08000c59   Thumb Code   112  strtol.o(.text)
    __strtok_internal                        0x08000cc9   Thumb Code    64  strtok_int.o(.text)
    __aeabi_memcpy4                          0x08000d0d   Thumb Code     0  rt_memcpy_w.o(.text)
    __aeabi_memcpy8                          0x08000d0d   Thumb Code     0  rt_memcpy_w.o(.text)
    __rt_memcpy_w                            0x08000d0d   Thumb Code   100  rt_memcpy_w.o(.text)
    _memcpy_lastbytes_aligned                0x08000d55   Thumb Code     0  rt_memcpy_w.o(.text)
    __user_libspace                          0x08000d71   Thumb Code     8  libspace.o(.text)
    __user_perproc_libspace                  0x08000d71   Thumb Code     0  libspace.o(.text)
    __user_perthread_libspace                0x08000d71   Thumb Code     0  libspace.o(.text)
    __rt_ctype_table                         0x08000d79   Thumb Code    16  rt_ctype_table.o(.text)
    _ll_udiv10                               0x08000d89   Thumb Code   138  lludiv10.o(.text)
    __lib_sel_fp_printf                      0x08000e13   Thumb Code     2  _printf_fp_dec.o(.text)
    _printf_fp_dec_real                      0x08000fc1   Thumb Code   620  _printf_fp_dec.o(.text)
    _printf_lcs_common                       0x0800122d   Thumb Code    20  _printf_wchar.o(.text)
    _printf_wchar                            0x08001241   Thumb Code    16  _printf_wchar.o(.text)
    _printf_wstring                          0x08001251   Thumb Code     8  _printf_wchar.o(.text)
    _strtoul                                 0x08001259   Thumb Code   158  _strtoul.o(.text)
    ferror                                   0x080012f7   Thumb Code     8  ferror.o(.text)
    _wcrtomb                                 0x080012ff   Thumb Code    64  _wcrtomb.o(.text)
    strcspn                                  0x0800133f   Thumb Code    32  strcspn.o(.text)
    strspn                                   0x0800135f   Thumb Code    28  strspn.o(.text)
    __user_setup_stackheap                   0x0800137b   Thumb Code    74  sys_stackheap_outer.o(.text)
    __rt_locale                              0x080013c5   Thumb Code     8  rt_locale_intlibspace.o(.text)
    _printf_fp_infnan                        0x080013cd   Thumb Code   112  _printf_fp_infnan.o(.text)
    _chval                                   0x0800144d   Thumb Code    28  _chval.o(.text)
    _btod_etento                             0x08001469   Thumb Code   216  bigflt0.o(.text)
    exit                                     0x08001545   Thumb Code    12  exit.o(.text)
    strcmp                                   0x08001551   Thumb Code   128  strcmpv7m.o(.text)
    _btod_d2e                                0x080015d1   Thumb Code    62  btod.o(CL$$btod_d2e)
    _d2e_denorm_low                          0x0800160f   Thumb Code    70  btod.o(CL$$btod_d2e_denorm_low)
    _d2e_norm_op1                            0x08001655   Thumb Code    96  btod.o(CL$$btod_d2e_norm_op1)
    __btod_div_common                        0x080016b5   Thumb Code   696  btod.o(CL$$btod_div_common)
    _e2e                                     0x080019ed   Thumb Code   198  btod.o(CL$$btod_e2e)
    _btod_ediv                               0x08001ab3   Thumb Code    40  btod.o(CL$$btod_ediv)
    _btod_emul                               0x08001adb   Thumb Code    40  btod.o(CL$$btod_emul)
    __btod_mult_common                       0x08001b03   Thumb Code   580  btod.o(CL$$btod_mult_common)
    BusFault_Handler                         0x08001d47   Thumb Code     2  stm32f4xx_it.o(i.BusFault_Handler)
    DebugMon_Handler                         0x08001d49   Thumb Code     2  stm32f4xx_it.o(i.DebugMon_Handler)
    EXTI0_IRQHandler                         0x08001d4d   Thumb Code    54  key.o(i.EXTI0_IRQHandler)
    EXTI2_IRQHandler                         0x08001d89   Thumb Code    54  key.o(i.EXTI2_IRQHandler)
    EXTI3_IRQHandler                         0x08001dc5   Thumb Code    54  key.o(i.EXTI3_IRQHandler)
    EXTI4_IRQHandler                         0x08001e01   Thumb Code    54  key.o(i.EXTI4_IRQHandler)
    EXTI_ClearITPendingBit                   0x08001e3d   Thumb Code     6  stm32f4xx_exti.o(i.EXTI_ClearITPendingBit)
    EXTI_GetITStatus                         0x08001e49   Thumb Code    16  stm32f4xx_exti.o(i.EXTI_GetITStatus)
    EXTI_Init                                0x08001e5d   Thumb Code   108  stm32f4xx_exti.o(i.EXTI_Init)
    GPIO_Init                                0x08001ecd   Thumb Code   120  stm32f4xx_gpio.o(i.GPIO_Init)
    GPIO_PinAFConfig                         0x08001f45   Thumb Code    32  stm32f4xx_gpio.o(i.GPIO_PinAFConfig)
    GPIO_SetBits                             0x08001f65   Thumb Code     4  stm32f4xx_gpio.o(i.GPIO_SetBits)
    HardFault_Handler                        0x08001f69   Thumb Code     2  stm32f4xx_it.o(i.HardFault_Handler)
    MemManage_Handler                        0x08001f6b   Thumb Code     2  stm32f4xx_it.o(i.MemManage_Handler)
    NMI_Handler                              0x08001f6d   Thumb Code     2  stm32f4xx_it.o(i.NMI_Handler)
    NVIC_Init                                0x08001f9d   Thumb Code    96  misc.o(i.NVIC_Init)
    NVIC_PriorityGroupConfig                 0x08002001   Thumb Code    10  misc.o(i.NVIC_PriorityGroupConfig)
    OLED_Clear                               0x08002015   Thumb Code    60  oled.o(i.OLED_Clear)
    OLED_DrawBMP                             0x08002055   Thumb Code    76  oled.o(i.OLED_DrawBMP)
    OLED_Init                                0x080020a5   Thumb Code   298  oled.o(i.OLED_Init)
    OLED_Set_Pos                             0x080021d9   Thumb Code    42  oled.o(i.OLED_Set_Pos)
    OLED_ShowCHinese                         0x08002205   Thumb Code    84  oled.o(i.OLED_ShowCHinese)
    OLED_ShowChar                            0x08002261   Thumb Code   142  oled.o(i.OLED_ShowChar)
    OLED_ShowString                          0x080022f9   Thumb Code    54  oled.o(i.OLED_ShowString)
    OLED_WR_Byte                             0x0800232f   Thumb Code    12  oled.o(i.OLED_WR_Byte)
    PWR_BackupAccessCmd                      0x0800233d   Thumb Code     6  stm32f4xx_pwr.o(i.PWR_BackupAccessCmd)
    RCC_AHB1PeriphClockCmd                   0x08002349   Thumb Code    18  stm32f4xx_rcc.o(i.RCC_AHB1PeriphClockCmd)
    RCC_APB1PeriphClockCmd                   0x08002361   Thumb Code    18  stm32f4xx_rcc.o(i.RCC_APB1PeriphClockCmd)
    RCC_APB2PeriphClockCmd                   0x08002379   Thumb Code    18  stm32f4xx_rcc.o(i.RCC_APB2PeriphClockCmd)
    RCC_GetClocksFreq                        0x08002391   Thumb Code   132  stm32f4xx_rcc.o(i.RCC_GetClocksFreq)
    RCC_GetFlagStatus                        0x08002421   Thumb Code    46  stm32f4xx_rcc.o(i.RCC_GetFlagStatus)
    RCC_LSICmd                               0x08002455   Thumb Code     6  stm32f4xx_rcc.o(i.RCC_LSICmd)
    RCC_RTCCLKCmd                            0x08002461   Thumb Code     6  stm32f4xx_rcc.o(i.RCC_RTCCLKCmd)
    RCC_RTCCLKConfig                         0x0800246d   Thumb Code    40  stm32f4xx_rcc.o(i.RCC_RTCCLKConfig)
    RTC_Alarm_IRQHandler                     0x0800249d   Thumb Code    34  rtc.o(i.RTC_Alarm_IRQHandler)
    RTC_ClearFlag                            0x080024e9   Thumb Code    22  stm32f4xx_rtc.o(i.RTC_ClearFlag)
    RTC_ClearITPendingBit                    0x08002505   Thumb Code    24  stm32f4xx_rtc.o(i.RTC_ClearITPendingBit)
    RTC_EnterInitMode                        0x08002521   Thumb Code    56  stm32f4xx_rtc.o(i.RTC_EnterInitMode)
    RTC_ExitInitMode                         0x0800255d   Thumb Code    12  stm32f4xx_rtc.o(i.RTC_ExitInitMode)
    RTC_GetDate                              0x0800256d   Thumb Code    66  stm32f4xx_rtc.o(i.RTC_GetDate)
    RTC_GetITStatus                          0x080025b9   Thumb Code    46  stm32f4xx_rtc.o(i.RTC_GetITStatus)
    RTC_GetTime                              0x080025f1   Thumb Code    70  stm32f4xx_rtc.o(i.RTC_GetTime)
    RTC_ITConfig                             0x08002641   Thumb Code    60  stm32f4xx_rtc.o(i.RTC_ITConfig)
    RTC_Init                                 0x08002681   Thumb Code    74  stm32f4xx_rtc.o(i.RTC_Init)
    RTC_SetDate                              0x080026d1   Thumb Code   144  stm32f4xx_rtc.o(i.RTC_SetDate)
    RTC_SetTime                              0x08002769   Thumb Code   150  stm32f4xx_rtc.o(i.RTC_SetTime)
    RTC_SetWakeUpCounter                     0x08002809   Thumb Code    22  stm32f4xx_rtc.o(i.RTC_SetWakeUpCounter)
    RTC_WKUP_IRQHandler                      0x08002825   Thumb Code    44  rtc.o(i.RTC_WKUP_IRQHandler)
    RTC_WaitForSynchro                       0x08002855   Thumb Code    70  stm32f4xx_rtc.o(i.RTC_WaitForSynchro)
    RTC_WakeUpClockConfig                    0x080028a1   Thumb Code    34  stm32f4xx_rtc.o(i.RTC_WakeUpClockConfig)
    RTC_WakeUpCmd                            0x080028c9   Thumb Code    84  stm32f4xx_rtc.o(i.RTC_WakeUpCmd)
    SYSCFG_EXTILineConfig                    0x08002921   Thumb Code    42  stm32f4xx_syscfg.o(i.SYSCFG_EXTILineConfig)
    SysTick_Handler                          0x08002a05   Thumb Code    38  port.o(i.SysTick_Handler)
    SystemInit                               0x08002a31   Thumb Code    74  system_stm32f4xx.o(i.SystemInit)
    TIM3_IRQHandler                          0x08002a8d   Thumb Code   108  fm225.o(i.TIM3_IRQHandler)
    TIM_ClearITPendingBit                    0x08002b0d   Thumb Code     6  stm32f4xx_tim.o(i.TIM_ClearITPendingBit)
    TIM_Cmd                                  0x08002b13   Thumb Code    20  stm32f4xx_tim.o(i.TIM_Cmd)
    TIM_GetITStatus                          0x08002b27   Thumb Code    24  stm32f4xx_tim.o(i.TIM_GetITStatus)
    TIM_ITConfig                             0x08002b3f   Thumb Code    16  stm32f4xx_tim.o(i.TIM_ITConfig)
    TIM_SetCounter                           0x08002b4f   Thumb Code     4  stm32f4xx_tim.o(i.TIM_SetCounter)
    TIM_TimeBaseInit                         0x08002b55   Thumb Code    96  stm32f4xx_tim.o(i.TIM_TimeBaseInit)
    USART1_IRQHandler                        0x08002bd1   Thumb Code    88  usart.o(i.USART1_IRQHandler)
    USART2_IRQHandler                        0x08002c39   Thumb Code   118  usart.o(i.USART2_IRQHandler)
    USART3_IRQHandler                        0x08002cc1   Thumb Code    88  usart.o(i.USART3_IRQHandler)
    USART_ClearFlag                          0x08002d29   Thumb Code     6  stm32f4xx_usart.o(i.USART_ClearFlag)
    USART_ClearITPendingBit                  0x08002d2f   Thumb Code    12  stm32f4xx_usart.o(i.USART_ClearITPendingBit)
    USART_Cmd                                0x08002d3b   Thumb Code    20  stm32f4xx_usart.o(i.USART_Cmd)
    USART_GetFlagStatus                      0x08002d4f   Thumb Code    14  stm32f4xx_usart.o(i.USART_GetFlagStatus)
    USART_GetITStatus                        0x08002d5d   Thumb Code    62  stm32f4xx_usart.o(i.USART_GetITStatus)
    USART_ITConfig                           0x08002d9b   Thumb Code    48  stm32f4xx_usart.o(i.USART_ITConfig)
    USART_Init                               0x08002dcd   Thumb Code   164  stm32f4xx_usart.o(i.USART_Init)
    USART_ReceiveData                        0x08002e79   Thumb Code     8  stm32f4xx_usart.o(i.USART_ReceiveData)
    USART_SendData                           0x08002e81   Thumb Code     8  stm32f4xx_usart.o(i.USART_SendData)
    UsageFault_Handler                       0x08002e89   Thumb Code     2  stm32f4xx_it.o(i.UsageFault_Handler)
    Write_IIC_Byte                           0x08002e8d   Thumb Code   102  oled.o(i.Write_IIC_Byte)
    Write_IIC_Command                        0x08002efd   Thumb Code    46  oled.o(i.Write_IIC_Command)
    Write_IIC_Data                           0x08002f2b   Thumb Code    46  oled.o(i.Write_IIC_Data)
    Write_IIC_Datas                          0x08002f59   Thumb Code    48  oled.o(i.Write_IIC_Datas)
    Write_IIC_Datas_Fix                      0x08002f89   Thumb Code    46  oled.o(i.Write_IIC_Datas_Fix)
    __ARM_fpclassify                         0x08002fb7   Thumb Code    48  fpclassify.o(i.__ARM_fpclassify)
    _is_digit                                0x08002fe7   Thumb Code    14  __printf_wp.o(i._is_digit)
    _sys_exit                                0x08002ff5   Thumb Code     2  usart.o(i._sys_exit)
    app_task_frm                             0x08002ff9   Thumb Code   368  main.o(i.app_task_frm)
    app_task_init                            0x08003315   Thumb Code   342  main.o(i.app_task_init)
    app_task_key                             0x080034e9   Thumb Code   250  main.o(i.app_task_key)
    app_task_motor                           0x08003621   Thumb Code   634  main.o(i.app_task_motor)
    app_task_rtc                             0x080038d9   Thumb Code   132  main.o(i.app_task_rtc)
    app_task_sr04                            0x0800398d   Thumb Code   592  main.o(i.app_task_sr04)
    app_task_usart                           0x08003c3d   Thumb Code   398  main.o(i.app_task_usart)
    asr_init                                 0x08003e3d   Thumb Code    44  asrpro.o(i.asr_init)
    asr_send_str                             0x08003e71   Thumb Code     8  asrpro.o(i.asr_send_str)
    beep_init                                0x08003e95   Thumb Code    48  beep.o(i.beep_init)
    beep_off                                 0x08003ed1   Thumb Code    10  beep.o(i.beep_off)
    beep_on                                  0x08003ee1   Thumb Code    10  beep.o(i.beep_on)
    delay_ms                                 0x08003ef1   Thumb Code     4  delay.o(i.delay_ms)
    delay_us                                 0x08003ef5   Thumb Code    72  delay.o(i.delay_us)
    dgb_printf_safe                          0x08003f45   Thumb Code    44  main.o(i.dgb_printf_safe)
    dht11_init                               0x08003f75   Thumb Code    48  dht11.o(i.dht11_init)
    dht11_read_data                          0x08003fb1   Thumb Code   336  dht11.o(i.dht11_read_data)
    fputc                                    0x0800410d   Thumb Code    18  usart.o(i.fputc)
    fr_del_user_all                          0x08004125   Thumb Code   136  fm225.o(i.fr_del_user_all)
    fr_get_user_total                        0x080041e5   Thumb Code   148  fm225.o(i.fr_get_user_total)
    fr_init                                  0x080042b1   Thumb Code    30  fm225.o(i.fr_init)
    fr_match                                 0x080042d1   Thumb Code   162  fm225.o(i.fr_match)
    fr_power_down                            0x080043b1   Thumb Code   144  fm225.o(i.fr_power_down)
    fr_reg_user                              0x08004479   Thumb Code   188  fm225.o(i.fr_reg_user)
    fr_reset                                 0x0800456d   Thumb Code   144  fm225.o(i.fr_reset)
    fr_send                                  0x08004635   Thumb Code    48  fm225.o(i.fr_send)
    key_init                                 0x08004755   Thumb Code   192  key.o(i.key_init)
    led_init                                 0x08004829   Thumb Code    58  led.o(i.led_init)
    main                                     0x08004869   Thumb Code    96  main.o(i.main)
    motor_corotation_double_pos_180          0x080048e9   Thumb Code   146  uln2003.o(i.motor_corotation_double_pos_180)
    motor_corotation_double_rev_180          0x08004985   Thumb Code   146  uln2003.o(i.motor_corotation_double_rev_180)
    motor_init                               0x08004a21   Thumb Code    96  uln2003.o(i.motor_init)
    pvPortMalloc                             0x080051e5   Thumb Code   216  heap_4.o(i.pvPortMalloc)
    pvTaskIncrementMutexHeldCount            0x080052c1   Thumb Code    18  tasks.o(i.pvTaskIncrementMutexHeldCount)
    pxPortInitialiseStack                    0x080052d9   Thumb Code    40  port.o(i.pxPortInitialiseStack)
    rtc_init                                 0x08005305   Thumb Code   208  rtc.o(i.rtc_init)
    sr04_get_distance                        0x080053e9   Thumb Code    96  sr04.o(i.sr04_get_distance)
    sr04_init                                0x08005455   Thumb Code    80  sr04.o(i.sr04_init)
    usart1_init                              0x08005515   Thumb Code   142  usart.o(i.usart1_init)
    usart2_init                              0x080055b9   Thumb Code   140  usart.o(i.usart2_init)
    usart3_init                              0x08005659   Thumb Code   138  usart.o(i.usart3_init)
    usart_send_str                           0x080056f9   Thumb Code    44  usart.o(i.usart_send_str)
    uxListRemove                             0x08005725   Thumb Code    38  list.o(i.uxListRemove)
    uxTaskResetEventItemValue                0x0800574d   Thumb Code    20  tasks.o(i.uxTaskResetEventItemValue)
    vApplicationIdleHook                     0x08005765   Thumb Code     2  main.o(i.vApplicationIdleHook)
    vApplicationMallocFailedHook             0x08005767   Thumb Code    16  main.o(i.vApplicationMallocFailedHook)
    vApplicationStackOverflowHook            0x08005777   Thumb Code    16  main.o(i.vApplicationStackOverflowHook)
    vApplicationTickHook                     0x08005787   Thumb Code     2  main.o(i.vApplicationTickHook)
    vEventGroupSetBitsCallback               0x08005789   Thumb Code     4  event_groups.o(i.vEventGroupSetBitsCallback)
    vListInitialise                          0x0800578d   Thumb Code    22  list.o(i.vListInitialise)
    vListInitialiseItem                      0x080057a3   Thumb Code     6  list.o(i.vListInitialiseItem)
    vListInsert                              0x080057a9   Thumb Code    48  list.o(i.vListInsert)
    vListInsertEnd                           0x080057d9   Thumb Code    24  list.o(i.vListInsertEnd)
    vPortEnterCritical                       0x080057f1   Thumb Code    54  port.o(i.vPortEnterCritical)
    vPortExitCritical                        0x08005831   Thumb Code    34  port.o(i.vPortExitCritical)
    vPortFree                                0x08005859   Thumb Code    88  heap_4.o(i.vPortFree)
    vPortSetupTimerInterrupt                 0x080058b5   Thumb Code    32  port.o(i.vPortSetupTimerInterrupt)
    vPortValidateInterruptPriority           0x080058d9   Thumb Code    74  port.o(i.vPortValidateInterruptPriority)
    vQueueAddToRegistry                      0x0800592d   Thumb Code    32  queue.o(i.vQueueAddToRegistry)
    vQueueWaitForMessageRestricted           0x08005951   Thumb Code    68  queue.o(i.vQueueWaitForMessageRestricted)
    vTaskDelay                               0x08005995   Thumb Code    66  tasks.o(i.vTaskDelay)
    vTaskDelete                              0x080059e1   Thumb Code   156  tasks.o(i.vTaskDelete)
    vTaskInternalSetTimeOutState             0x08005a8d   Thumb Code    12  tasks.o(i.vTaskInternalSetTimeOutState)
    vTaskMissedYield                         0x08005a9d   Thumb Code     8  tasks.o(i.vTaskMissedYield)
    vTaskPlaceOnEventList                    0x08005aa9   Thumb Code    44  tasks.o(i.vTaskPlaceOnEventList)
    vTaskPlaceOnEventListRestricted          0x08005ad9   Thumb Code    52  tasks.o(i.vTaskPlaceOnEventListRestricted)
    vTaskPlaceOnUnorderedEventList           0x08005b11   Thumb Code    72  tasks.o(i.vTaskPlaceOnUnorderedEventList)
    vTaskPriorityDisinheritAfterTimeout      0x08005b5d   Thumb Code   162  tasks.o(i.vTaskPriorityDisinheritAfterTimeout)
    vTaskRemoveFromUnorderedEventList        0x08005c09   Thumb Code   104  tasks.o(i.vTaskRemoveFromUnorderedEventList)
    vTaskResume                              0x08005c79   Thumb Code   112  tasks.o(i.vTaskResume)
    vTaskStartScheduler                      0x08005cf5   Thumb Code    94  tasks.o(i.vTaskStartScheduler)
    vTaskSuspend                             0x08005d65   Thumb Code   170  tasks.o(i.vTaskSuspend)
    vTaskSuspendAll                          0x08005e21   Thumb Code    10  tasks.o(i.vTaskSuspendAll)
    vTaskSwitchContext                       0x08005e31   Thumb Code   126  tasks.o(i.vTaskSwitchContext)
    xEventGroupCreate                        0x08005eb9   Thumb Code    26  event_groups.o(i.xEventGroupCreate)
    xEventGroupSetBits                       0x08005ed3   Thumb Code   140  event_groups.o(i.xEventGroupSetBits)
    xEventGroupSetBitsFromISR                0x08005f61   Thumb Code    12  event_groups.o(i.xEventGroupSetBitsFromISR)
    xEventGroupWaitBits                      0x08005f71   Thumb Code   258  event_groups.o(i.xEventGroupWaitBits)
    xPortStartScheduler                      0x08006079   Thumb Code   224  port.o(i.xPortStartScheduler)
    xQueueCreateMutex                        0x0800616d   Thumb Code    36  queue.o(i.xQueueCreateMutex)
    xQueueGenericCreate                      0x08006191   Thumb Code    82  queue.o(i.xQueueGenericCreate)
    xQueueGenericReset                       0x080061e5   Thumb Code   132  queue.o(i.xQueueGenericReset)
    xQueueGenericSend                        0x0800626d   Thumb Code   350  queue.o(i.xQueueGenericSend)
    xQueueGenericSendFromISR                 0x080063d1   Thumb Code   188  queue.o(i.xQueueGenericSendFromISR)
    xQueueGiveFromISR                        0x0800648d   Thumb Code   156  queue.o(i.xQueueGiveFromISR)
    xQueueReceive                            0x08006529   Thumb Code   308  queue.o(i.xQueueReceive)
    xQueueSemaphoreTake                      0x08006661   Thumb Code   372  queue.o(i.xQueueSemaphoreTake)
    xTaskCheckForTimeOut                     0x080067d9   Thumb Code   112  tasks.o(i.xTaskCheckForTimeOut)
    xTaskCreate                              0x0800684d   Thumb Code    86  tasks.o(i.xTaskCreate)
    xTaskGetSchedulerState                   0x080068a5   Thumb Code    22  tasks.o(i.xTaskGetSchedulerState)
    xTaskGetTickCount                        0x080068c1   Thumb Code     6  tasks.o(i.xTaskGetTickCount)
    xTaskIncrementTick                       0x080068cd   Thumb Code   182  tasks.o(i.xTaskIncrementTick)
    xTaskPriorityDisinherit                  0x0800698d   Thumb Code   144  tasks.o(i.xTaskPriorityDisinherit)
    xTaskPriorityInherit                     0x08006a25   Thumb Code   140  tasks.o(i.xTaskPriorityInherit)
    xTaskRemoveFromEventList                 0x08006ab9   Thumb Code   106  tasks.o(i.xTaskRemoveFromEventList)
    xTaskResumeAll                           0x08006b31   Thumb Code   182  tasks.o(i.xTaskResumeAll)
    xTimerCreateTimerTask                    0x08006bf5   Thumb Code    58  timers.o(i.xTimerCreateTimerTask)
    xTimerGenericCommand                     0x08006c41   Thumb Code    94  timers.o(i.xTimerGenericCommand)
    xTimerPendFunctionCallFromISR            0x08006ca5   Thumb Code    34  timers.o(i.xTimerPendFunctionCallFromISR)
    _get_lc_ctype                            0x08006ccd   Thumb Code    44  lc_ctype_c.o(locale$$code)
    _get_lc_numeric                          0x08006cf9   Thumb Code    44  lc_numeric_c.o(locale$$code)
    _fp_init                                 0x08006d25   Thumb Code    10  fpinit.o(x$fpl$fpinit)
    __fplib_config_fpu_vfp                   0x08006d2d   Thumb Code     0  fpinit.o(x$fpl$fpinit)
    __fplib_config_pureend_doubles           0x08006d2d   Thumb Code     0  fpinit.o(x$fpl$fpinit)
    _printf_fp_dec                           0x08006d2f   Thumb Code     4  printf1.o(x$fpl$printf1)
    __I$use$fp                               0x08006d32   Number         0  usenofp.o(x$fpl$usenofp)
    frm_icon_32x32                           0x08007dca   Data         128  bmp.o(.constdata)
    frm_success_32x32                        0x08007e4a   Data         128  bmp.o(.constdata)
    blue_unlocked_success_32x32              0x08007eca   Data         128  bmp.o(.constdata)
    Region$$Table$$Base                      0x08008108   Number         0  anon$$obj.o(Region$$Table)
    Region$$Table$$Limit                     0x08008128   Number         0  anon$$obj.o(Region$$Table)
    __ctype                                  0x08008135   Data           0  lc_ctype_c.o(locale$$data)
    RTC_TimeStructure                        0x2000001c   Data           4  main.o(.data)
    RTC_DateStructure                        0x20000020   Data           4  main.o(.data)
    g_mutex_printf                           0x20000024   Data           4  main.o(.data)
    g_mutex_oled                             0x20000028   Data           4  main.o(.data)
    g_sem_rtc                                0x2000002c   Data           4  main.o(.data)
    g_event_group                            0x20000030   Data           4  main.o(.data)
    g_event_task_sta                         0x20000034   Data           4  main.o(.data)
    g_queue_frm                              0x20000038   Data           4  main.o(.data)
    g_queue_usart                            0x2000003c   Data           4  main.o(.data)
    g_task_sta                               0x20000040   Data           4  main.o(.data)
    GPIO_InitStructure                       0x20000044   Data           8  main.o(.data)
    EXTI_InitStructure                       0x2000004c   Data           8  main.o(.data)
    NVIC_InitStructure                       0x20000054   Data           4  main.o(.data)
    SystemCoreClock                          0x20000058   Data           4  system_stm32f4xx.o(.data)
    AHBPrescTable                            0x2000005c   Data          16  system_stm32f4xx.o(.data)
    g_usart2_rx_cnt                          0x2000006c   Data           4  usart.o(.data)
    g_usart2_rx_end                          0x20000078   Data           4  usart.o(.data)
    __stdout                                 0x2000007c   Data           4  usart.o(.data)
    pxCurrentTCB                             0x20000090   Data           4  tasks.o(.data)
    USART_InitStructure                      0x20000108   Data          16  main.o(.bss)
    RTC_InitStructure                        0x20000118   Data          12  main.o(.bss)
    TIM_TimeBaseStructure                    0x20000124   Data          12  main.o(.bss)
    g_usart_buf                              0x20000a30   Data          32  usart.o(.bss)
    g_usart2_rx_buf                          0x20000a50   Data         256  usart.o(.bss)
    xQueueRegistry                           0x20000b50   Data          64  queue.o(.bss)
    __libspace_start                         0x20013a9c   Data          96  libspace.o(.bss)
    __temporary_stack_top$libspace           0x20013afc   Data           0  libspace.o(.bss)



==============================================================================

Memory Map of the image

  Image Entry point : 0x08000189

  Load Region LR_IROM1 (Base: 0x08000000, Size: 0x0000835c, Max: 0x00080000, ABSOLUTE)

    Execution Region ER_IROM1 (Base: 0x08000000, Size: 0x00008254, Max: 0x00080000, ABSOLUTE)

    Base Addr    Size         Type   Attr      Idx    E Section Name        Object

    0x08000000   0x00000188   Data   RO         1272    RESET               startup_stm32f40_41xxx.o
    0x08000188   0x00000008   Code   RO         4486  * !!!main             c_w.l(__main.o)
    0x08000190   0x00000034   Code   RO         4789    !!!scatter          c_w.l(__scatter.o)
    0x080001c4   0x0000001a   Code   RO         4791    !!handler_copy      c_w.l(__scatter_copy.o)
    0x080001de   0x00000002   PAD
    0x080001e0   0x0000001c   Code   RO         4793    !!handler_zi        c_w.l(__scatter_zi.o)
    0x080001fc   0x00000000   Code   RO         4464    .ARM.Collect$$_printf_percent$$00000000  c_w.l(_printf_percent.o)
    0x080001fc   0x00000006   Code   RO         4543    .ARM.Collect$$_printf_percent$$00000001  c_w.l(_printf_n.o)
    0x08000202   0x00000006   Code   RO         4545    .ARM.Collect$$_printf_percent$$00000002  c_w.l(_printf_p.o)
    0x08000208   0x00000006   Code   RO         4549    .ARM.Collect$$_printf_percent$$00000003  c_w.l(_printf_f.o)
    0x0800020e   0x00000006   Code   RO         4550    .ARM.Collect$$_printf_percent$$00000004  c_w.l(_printf_e.o)
    0x08000214   0x00000006   Code   RO         4551    .ARM.Collect$$_printf_percent$$00000005  c_w.l(_printf_g.o)
    0x0800021a   0x00000006   Code   RO         4552    .ARM.Collect$$_printf_percent$$00000006  c_w.l(_printf_a.o)
    0x08000220   0x0000000a   Code   RO         4557    .ARM.Collect$$_printf_percent$$00000007  c_w.l(_printf_ll.o)
    0x0800022a   0x00000006   Code   RO         4547    .ARM.Collect$$_printf_percent$$00000008  c_w.l(_printf_i.o)
    0x08000230   0x00000006   Code   RO         4463    .ARM.Collect$$_printf_percent$$00000009  c_w.l(_printf_d.o)
    0x08000236   0x00000006   Code   RO         4548    .ARM.Collect$$_printf_percent$$0000000A  c_w.l(_printf_u.o)
    0x0800023c   0x00000006   Code   RO         4546    .ARM.Collect$$_printf_percent$$0000000B  c_w.l(_printf_o.o)
    0x08000242   0x00000006   Code   RO         4544    .ARM.Collect$$_printf_percent$$0000000C  c_w.l(_printf_x.o)
    0x08000248   0x00000006   Code   RO         4554    .ARM.Collect$$_printf_percent$$0000000D  c_w.l(_printf_lli.o)
    0x0800024e   0x00000006   Code   RO         4555    .ARM.Collect$$_printf_percent$$0000000E  c_w.l(_printf_lld.o)
    0x08000254   0x00000006   Code   RO         4556    .ARM.Collect$$_printf_percent$$0000000F  c_w.l(_printf_llu.o)
    0x0800025a   0x00000006   Code   RO         4561    .ARM.Collect$$_printf_percent$$00000010  c_w.l(_printf_llo.o)
    0x08000260   0x00000006   Code   RO         4562    .ARM.Collect$$_printf_percent$$00000011  c_w.l(_printf_llx.o)
    0x08000266   0x0000000a   Code   RO         4558    .ARM.Collect$$_printf_percent$$00000012  c_w.l(_printf_l.o)
    0x08000270   0x00000006   Code   RO         4542    .ARM.Collect$$_printf_percent$$00000013  c_w.l(_printf_c.o)
    0x08000276   0x00000006   Code   RO         4462    .ARM.Collect$$_printf_percent$$00000014  c_w.l(_printf_s.o)
    0x0800027c   0x00000006   Code   RO         4559    .ARM.Collect$$_printf_percent$$00000015  c_w.l(_printf_lc.o)
    0x08000282   0x00000006   Code   RO         4560    .ARM.Collect$$_printf_percent$$00000016  c_w.l(_printf_ls.o)
    0x08000288   0x00000004   Code   RO         4553    .ARM.Collect$$_printf_percent$$00000017  c_w.l(_printf_percent_end.o)
    0x0800028c   0x00000002   Code   RO         4660    .ARM.Collect$$libinit$$00000000  c_w.l(libinit.o)
    0x0800028e   0x00000004   Code   RO         4670    .ARM.Collect$$libinit$$00000001  c_w.l(libinit2.o)
    0x08000292   0x00000000   Code   RO         4673    .ARM.Collect$$libinit$$00000004  c_w.l(libinit2.o)
    0x08000292   0x00000000   Code   RO         4676    .ARM.Collect$$libinit$$0000000A  c_w.l(libinit2.o)
    0x08000292   0x00000000   Code   RO         4678    .ARM.Collect$$libinit$$0000000C  c_w.l(libinit2.o)
    0x08000292   0x00000000   Code   RO         4680    .ARM.Collect$$libinit$$0000000E  c_w.l(libinit2.o)
    0x08000292   0x00000006   Code   RO         4681    .ARM.Collect$$libinit$$0000000F  c_w.l(libinit2.o)
    0x08000298   0x00000000   Code   RO         4683    .ARM.Collect$$libinit$$00000011  c_w.l(libinit2.o)
    0x08000298   0x0000000c   Code   RO         4684    .ARM.Collect$$libinit$$00000012  c_w.l(libinit2.o)
    0x080002a4   0x00000000   Code   RO         4685    .ARM.Collect$$libinit$$00000013  c_w.l(libinit2.o)
    0x080002a4   0x00000000   Code   RO         4687    .ARM.Collect$$libinit$$00000015  c_w.l(libinit2.o)
    0x080002a4   0x0000000a   Code   RO         4688    .ARM.Collect$$libinit$$00000016  c_w.l(libinit2.o)
    0x080002ae   0x00000000   Code   RO         4689    .ARM.Collect$$libinit$$00000017  c_w.l(libinit2.o)
    0x080002ae   0x00000000   Code   RO         4691    .ARM.Collect$$libinit$$00000019  c_w.l(libinit2.o)
    0x080002ae   0x00000000   Code   RO         4693    .ARM.Collect$$libinit$$0000001B  c_w.l(libinit2.o)
    0x080002ae   0x00000000   Code   RO         4695    .ARM.Collect$$libinit$$0000001D  c_w.l(libinit2.o)
    0x080002ae   0x00000000   Code   RO         4697    .ARM.Collect$$libinit$$0000001F  c_w.l(libinit2.o)
    0x080002ae   0x00000000   Code   RO         4699    .ARM.Collect$$libinit$$00000021  c_w.l(libinit2.o)
    0x080002ae   0x00000000   Code   RO         4701    .ARM.Collect$$libinit$$00000023  c_w.l(libinit2.o)
    0x080002ae   0x00000000   Code   RO         4703    .ARM.Collect$$libinit$$00000025  c_w.l(libinit2.o)
    0x080002ae   0x00000000   Code   RO         4707    .ARM.Collect$$libinit$$0000002C  c_w.l(libinit2.o)
    0x080002ae   0x00000000   Code   RO         4709    .ARM.Collect$$libinit$$0000002E  c_w.l(libinit2.o)
    0x080002ae   0x00000000   Code   RO         4711    .ARM.Collect$$libinit$$00000030  c_w.l(libinit2.o)
    0x080002ae   0x00000000   Code   RO         4713    .ARM.Collect$$libinit$$00000032  c_w.l(libinit2.o)
    0x080002ae   0x00000002   Code   RO         4714    .ARM.Collect$$libinit$$00000033  c_w.l(libinit2.o)
    0x080002b0   0x00000002   Code   RO         4732    .ARM.Collect$$libshutdown$$00000000  c_w.l(libshutdown.o)
    0x080002b2   0x00000000   Code   RO         4743    .ARM.Collect$$libshutdown$$00000003  c_w.l(libshutdown2.o)
    0x080002b2   0x00000000   Code   RO         4746    .ARM.Collect$$libshutdown$$00000006  c_w.l(libshutdown2.o)
    0x080002b2   0x00000000   Code   RO         4749    .ARM.Collect$$libshutdown$$00000009  c_w.l(libshutdown2.o)
    0x080002b2   0x00000000   Code   RO         4751    .ARM.Collect$$libshutdown$$0000000B  c_w.l(libshutdown2.o)
    0x080002b2   0x00000000   Code   RO         4754    .ARM.Collect$$libshutdown$$0000000E  c_w.l(libshutdown2.o)
    0x080002b2   0x00000002   Code   RO         4755    .ARM.Collect$$libshutdown$$0000000F  c_w.l(libshutdown2.o)
    0x080002b4   0x00000000   Code   RO         4490    .ARM.Collect$$rtentry$$00000000  c_w.l(__rtentry.o)
    0x080002b4   0x00000000   Code   RO         4575    .ARM.Collect$$rtentry$$00000002  c_w.l(__rtentry2.o)
    0x080002b4   0x00000006   Code   RO         4587    .ARM.Collect$$rtentry$$00000004  c_w.l(__rtentry4.o)
    0x080002ba   0x00000000   Code   RO         4577    .ARM.Collect$$rtentry$$00000009  c_w.l(__rtentry2.o)
    0x080002ba   0x00000004   Code   RO         4578    .ARM.Collect$$rtentry$$0000000A  c_w.l(__rtentry2.o)
    0x080002be   0x00000000   Code   RO         4580    .ARM.Collect$$rtentry$$0000000C  c_w.l(__rtentry2.o)
    0x080002be   0x00000008   Code   RO         4581    .ARM.Collect$$rtentry$$0000000D  c_w.l(__rtentry2.o)
    0x080002c6   0x00000002   Code   RO         4666    .ARM.Collect$$rtexit$$00000000  c_w.l(rtexit.o)
    0x080002c8   0x00000000   Code   RO         4716    .ARM.Collect$$rtexit$$00000002  c_w.l(rtexit2.o)
    0x080002c8   0x00000004   Code   RO         4717    .ARM.Collect$$rtexit$$00000003  c_w.l(rtexit2.o)
    0x080002cc   0x00000006   Code   RO         4718    .ARM.Collect$$rtexit$$00000004  c_w.l(rtexit2.o)
    0x080002d2   0x00000002   PAD
    0x080002d4   0x000000be   Code   RO         4343    .emb_text           port.o
    0x08000392   0x00000002   PAD
    0x08000394   0x00000040   Code   RO         1273    .text               startup_stm32f40_41xxx.o
    0x080003d4   0x00000002   Code   RO         4422    .text               c_w.l(use_no_semi_2.o)
    0x080003d6   0x00000002   PAD
    0x080003d8   0x0000000c   Code   RO         4424    .text               c_w.l(c89vprintf.o)
    0x080003e4   0x00000018   Code   RO         4426    .text               c_w.l(__2printf.o)
    0x080003fc   0x0000002c   Code   RO         4428    .text               c_w.l(__2sprintf.o)
    0x08000428   0x0000004e   Code   RO         4436    .text               c_w.l(_printf_pad.o)
    0x08000476   0x00000052   Code   RO         4438    .text               c_w.l(_printf_str.o)
    0x080004c8   0x00000078   Code   RO         4440    .text               c_w.l(_printf_dec.o)
    0x08000540   0x00000188   Code   RO         4459    .text               c_w.l(__printf_flags_ss_wp.o)
    0x080006c8   0x0000001a   Code   RO         4465    .text               c_w.l(atoi.o)
    0x080006e2   0x00000002   PAD
    0x080006e4   0x0000000c   Code   RO         4467    .text               c_w.l(strtok.o)
    0x080006f0   0x00000024   Code   RO         4470    .text               c_w.l(strstr.o)
    0x08000714   0x0000003e   Code   RO         4472    .text               c_w.l(strlen.o)
    0x08000752   0x0000008a   Code   RO         4474    .text               c_w.l(rt_memcpy_v6.o)
    0x080007dc   0x00000010   Code   RO         4478    .text               c_w.l(aeabi_memset.o)
    0x080007ec   0x00000044   Code   RO         4480    .text               c_w.l(rt_memclr.o)
    0x08000830   0x0000004e   Code   RO         4482    .text               c_w.l(rt_memclr_w.o)
    0x0800087e   0x00000006   Code   RO         4484    .text               c_w.l(heapauxi.o)
    0x08000884   0x00000002   Code   RO         4488    .text               c_w.l(use_no_semi.o)
    0x08000886   0x00000002   PAD
    0x08000888   0x00000008   Code   RO         4494    .text               c_w.l(rt_errno_addr_intlibspace.o)
    0x08000890   0x00000024   Code   RO         4496    .text               c_w.l(_printf_truncate.o)
    0x080008b4   0x000000b2   Code   RO         4498    .text               c_w.l(_printf_intcommon.o)
    0x08000966   0x00000028   Code   RO         4500    .text               c_w.l(_printf_charcount.o)
    0x0800098e   0x00000002   PAD
    0x08000990   0x00000030   Code   RO         4502    .text               c_w.l(_printf_char_common.o)
    0x080009c0   0x0000000a   Code   RO         4504    .text               c_w.l(_sputc.o)
    0x080009ca   0x0000002c   Code   RO         4506    .text               c_w.l(_printf_char.o)
    0x080009f6   0x00000002   PAD
    0x080009f8   0x00000024   Code   RO         4508    .text               c_w.l(_printf_char_file.o)
    0x08000a1c   0x000000bc   Code   RO         4510    .text               c_w.l(_printf_wctomb.o)
    0x08000ad8   0x0000007c   Code   RO         4513    .text               c_w.l(_printf_longlong_dec.o)
    0x08000b54   0x00000070   Code   RO         4519    .text               c_w.l(_printf_oct_int_ll.o)
    0x08000bc4   0x00000094   Code   RO         4539    .text               c_w.l(_printf_hex_int_ll_ptr.o)
    0x08000c58   0x00000070   Code   RO         4563    .text               c_w.l(strtol.o)
    0x08000cc8   0x00000044   Code   RO         4565    .text               c_w.l(strtok_int.o)
    0x08000d0c   0x00000064   Code   RO         4567    .text               c_w.l(rt_memcpy_w.o)
    0x08000d70   0x00000008   Code   RO         4571    .text               c_w.l(libspace.o)
    0x08000d78   0x00000010   Code   RO         4589    .text               c_w.l(rt_ctype_table.o)
    0x08000d88   0x0000008a   Code   RO         4591    .text               c_w.l(lludiv10.o)
    0x08000e12   0x0000041a   Code   RO         4593    .text               c_w.l(_printf_fp_dec.o)
    0x0800122c   0x0000002c   Code   RO         4597    .text               c_w.l(_printf_wchar.o)
    0x08001258   0x0000009e   Code   RO         4599    .text               c_w.l(_strtoul.o)
    0x080012f6   0x00000008   Code   RO         4601    .text               c_w.l(ferror.o)
    0x080012fe   0x00000040   Code   RO         4605    .text               c_w.l(_wcrtomb.o)
    0x0800133e   0x00000020   Code   RO         4607    .text               c_w.l(strcspn.o)
    0x0800135e   0x0000001c   Code   RO         4609    .text               c_w.l(strspn.o)
    0x0800137a   0x0000004a   Code   RO         4611    .text               c_w.l(sys_stackheap_outer.o)
    0x080013c4   0x00000008   Code   RO         4616    .text               c_w.l(rt_locale_intlibspace.o)
    0x080013cc   0x00000080   Code   RO         4618    .text               c_w.l(_printf_fp_infnan.o)
    0x0800144c   0x0000001c   Code   RO         4620    .text               c_w.l(_chval.o)
    0x08001468   0x000000dc   Code   RO         4622    .text               c_w.l(bigflt0.o)
    0x08001544   0x0000000c   Code   RO         4653    .text               c_w.l(exit.o)
    0x08001550   0x00000080   Code   RO         4668    .text               c_w.l(strcmpv7m.o)
    0x080015d0   0x0000003e   Code   RO         4625    CL$$btod_d2e        c_w.l(btod.o)
    0x0800160e   0x00000046   Code   RO         4627    CL$$btod_d2e_denorm_low  c_w.l(btod.o)
    0x08001654   0x00000060   Code   RO         4626    CL$$btod_d2e_norm_op1  c_w.l(btod.o)
    0x080016b4   0x00000338   Code   RO         4635    CL$$btod_div_common  c_w.l(btod.o)
    0x080019ec   0x000000c6   Code   RO         4632    CL$$btod_e2e        c_w.l(btod.o)
    0x08001ab2   0x00000028   Code   RO         4629    CL$$btod_ediv       c_w.l(btod.o)
    0x08001ada   0x00000028   Code   RO         4628    CL$$btod_emul       c_w.l(btod.o)
    0x08001b02   0x00000244   Code   RO         4634    CL$$btod_mult_common  c_w.l(btod.o)
    0x08001d46   0x00000002   Code   RO          338    i.BusFault_Handler  stm32f4xx_it.o
    0x08001d48   0x00000002   Code   RO          339    i.DebugMon_Handler  stm32f4xx_it.o
    0x08001d4a   0x00000002   PAD
    0x08001d4c   0x0000003c   Code   RO          852    i.EXTI0_IRQHandler  key.o
    0x08001d88   0x0000003c   Code   RO          853    i.EXTI2_IRQHandler  key.o
    0x08001dc4   0x0000003c   Code   RO          854    i.EXTI3_IRQHandler  key.o
    0x08001e00   0x0000003c   Code   RO          855    i.EXTI4_IRQHandler  key.o
    0x08001e3c   0x0000000c   Code   RO         2186    i.EXTI_ClearITPendingBit  stm32f4xx_exti.o
    0x08001e48   0x00000014   Code   RO         2190    i.EXTI_GetITStatus  stm32f4xx_exti.o
    0x08001e5c   0x00000070   Code   RO         2191    i.EXTI_Init         stm32f4xx_exti.o
    0x08001ecc   0x00000078   Code   RO         1324    i.GPIO_Init         stm32f4xx_gpio.o
    0x08001f44   0x00000020   Code   RO         1325    i.GPIO_PinAFConfig  stm32f4xx_gpio.o
    0x08001f64   0x00000004   Code   RO         1332    i.GPIO_SetBits      stm32f4xx_gpio.o
    0x08001f68   0x00000002   Code   RO          340    i.HardFault_Handler  stm32f4xx_it.o
    0x08001f6a   0x00000002   Code   RO          341    i.MemManage_Handler  stm32f4xx_it.o
    0x08001f6c   0x00000002   Code   RO          342    i.NMI_Handler       stm32f4xx_it.o
    0x08001f6e   0x00000016   Code   RO            3    i.NVIC_DisableIRQ   main.o
    0x08001f84   0x00000016   Code   RO            4    i.NVIC_EnableIRQ    main.o
    0x08001f9a   0x00000002   PAD
    0x08001f9c   0x00000064   Code   RO         1279    i.NVIC_Init         misc.o
    0x08002000   0x00000014   Code   RO         1280    i.NVIC_PriorityGroupConfig  misc.o
    0x08002014   0x00000040   Code   RO          571    i.OLED_Clear        oled.o
    0x08002054   0x00000050   Code   RO          575    i.OLED_DrawBMP      oled.o
    0x080020a4   0x00000134   Code   RO          580    i.OLED_Init         oled.o
    0x080021d8   0x0000002a   Code   RO          582    i.OLED_Set_Pos      oled.o
    0x08002202   0x00000002   PAD
    0x08002204   0x0000005c   Code   RO          583    i.OLED_ShowCHinese  oled.o
    0x08002260   0x00000098   Code   RO          584    i.OLED_ShowChar     oled.o
    0x080022f8   0x00000036   Code   RO          586    i.OLED_ShowString   oled.o
    0x0800232e   0x0000000c   Code   RO          587    i.OLED_WR_Byte      oled.o
    0x0800233a   0x00000002   PAD
    0x0800233c   0x0000000c   Code   RO         2247    i.PWR_BackupAccessCmd  stm32f4xx_pwr.o
    0x08002348   0x00000018   Code   RO         1421    i.RCC_AHB1PeriphClockCmd  stm32f4xx_rcc.o
    0x08002360   0x00000018   Code   RO         1430    i.RCC_APB1PeriphClockCmd  stm32f4xx_rcc.o
    0x08002378   0x00000018   Code   RO         1433    i.RCC_APB2PeriphClockCmd  stm32f4xx_rcc.o
    0x08002390   0x00000090   Code   RO         1442    i.RCC_GetClocksFreq  stm32f4xx_rcc.o
    0x08002420   0x00000034   Code   RO         1443    i.RCC_GetFlagStatus  stm32f4xx_rcc.o
    0x08002454   0x0000000c   Code   RO         1453    i.RCC_LSICmd        stm32f4xx_rcc.o
    0x08002460   0x0000000c   Code   RO         1465    i.RCC_RTCCLKCmd     stm32f4xx_rcc.o
    0x0800246c   0x00000030   Code   RO         1466    i.RCC_RTCCLKConfig  stm32f4xx_rcc.o
    0x0800249c   0x00000022   Code   RO          770    i.RTC_Alarm_IRQHandler  rtc.o
    0x080024be   0x00000012   Code   RO         2372    i.RTC_Bcd2ToByte    stm32f4xx_rtc.o
    0x080024d0   0x00000018   Code   RO         2374    i.RTC_ByteToBcd2    stm32f4xx_rtc.o
    0x080024e8   0x0000001c   Code   RO         2377    i.RTC_ClearFlag     stm32f4xx_rtc.o
    0x08002504   0x0000001c   Code   RO         2378    i.RTC_ClearITPendingBit  stm32f4xx_rtc.o
    0x08002520   0x0000003c   Code   RO         2384    i.RTC_EnterInitMode  stm32f4xx_rtc.o
    0x0800255c   0x00000010   Code   RO         2385    i.RTC_ExitInitMode  stm32f4xx_rtc.o
    0x0800256c   0x0000004c   Code   RO         2388    i.RTC_GetDate       stm32f4xx_rtc.o
    0x080025b8   0x00000038   Code   RO         2390    i.RTC_GetITStatus   stm32f4xx_rtc.o
    0x080025f0   0x00000050   Code   RO         2393    i.RTC_GetTime       stm32f4xx_rtc.o
    0x08002640   0x00000040   Code   RO         2397    i.RTC_ITConfig      stm32f4xx_rtc.o
    0x08002680   0x00000050   Code   RO         2398    i.RTC_Init          stm32f4xx_rtc.o
    0x080026d0   0x00000098   Code   RO         2404    i.RTC_SetDate       stm32f4xx_rtc.o
    0x08002768   0x000000a0   Code   RO         2405    i.RTC_SetTime       stm32f4xx_rtc.o
    0x08002808   0x0000001c   Code   RO         2406    i.RTC_SetWakeUpCounter  stm32f4xx_rtc.o
    0x08002824   0x00000030   Code   RO          771    i.RTC_WKUP_IRQHandler  rtc.o
    0x08002854   0x0000004c   Code   RO         2421    i.RTC_WaitForSynchro  stm32f4xx_rtc.o
    0x080028a0   0x00000028   Code   RO         2422    i.RTC_WakeUpClockConfig  stm32f4xx_rtc.o
    0x080028c8   0x00000058   Code   RO         2423    i.RTC_WakeUpCmd     stm32f4xx_rtc.o
    0x08002920   0x00000030   Code   RO         3273    i.SYSCFG_EXTILineConfig  stm32f4xx_syscfg.o
    0x08002950   0x000000b4   Code   RO          399    i.SetSysClock       system_stm32f4xx.o
    0x08002a04   0x0000002c   Code   RO         4344    i.SysTick_Handler   port.o
    0x08002a30   0x0000005c   Code   RO          401    i.SystemInit        system_stm32f4xx.o
    0x08002a8c   0x00000080   Code   RO          941    i.TIM3_IRQHandler   fm225.o
    0x08002b0c   0x00000006   Code   RO         2732    i.TIM_ClearITPendingBit  stm32f4xx_tim.o
    0x08002b12   0x00000014   Code   RO         2737    i.TIM_Cmd           stm32f4xx_tim.o
    0x08002b26   0x00000018   Code   RO         2758    i.TIM_GetITStatus   stm32f4xx_tim.o
    0x08002b3e   0x00000010   Code   RO         2762    i.TIM_ITConfig      stm32f4xx_tim.o
    0x08002b4e   0x00000004   Code   RO         2803    i.TIM_SetCounter    stm32f4xx_tim.o
    0x08002b52   0x00000002   PAD
    0x08002b54   0x0000007c   Code   RO         2809    i.TIM_TimeBaseInit  stm32f4xx_tim.o
    0x08002bd0   0x00000068   Code   RO         1176    i.USART1_IRQHandler  usart.o
    0x08002c38   0x00000088   Code   RO         1177    i.USART2_IRQHandler  usart.o
    0x08002cc0   0x00000068   Code   RO         1178    i.USART3_IRQHandler  usart.o
    0x08002d28   0x00000006   Code   RO         1755    i.USART_ClearFlag   stm32f4xx_usart.o
    0x08002d2e   0x0000000c   Code   RO         1756    i.USART_ClearITPendingBit  stm32f4xx_usart.o
    0x08002d3a   0x00000014   Code   RO         1759    i.USART_Cmd         stm32f4xx_usart.o
    0x08002d4e   0x0000000e   Code   RO         1762    i.USART_GetFlagStatus  stm32f4xx_usart.o
    0x08002d5c   0x0000003e   Code   RO         1763    i.USART_GetITStatus  stm32f4xx_usart.o
    0x08002d9a   0x00000030   Code   RO         1765    i.USART_ITConfig    stm32f4xx_usart.o
    0x08002dca   0x00000002   PAD
    0x08002dcc   0x000000ac   Code   RO         1766    i.USART_Init        stm32f4xx_usart.o
    0x08002e78   0x00000008   Code   RO         1773    i.USART_ReceiveData  stm32f4xx_usart.o
    0x08002e80   0x00000008   Code   RO         1776    i.USART_SendData    stm32f4xx_usart.o
    0x08002e88   0x00000002   Code   RO          343    i.UsageFault_Handler  stm32f4xx_it.o
    0x08002e8a   0x00000002   PAD
    0x08002e8c   0x00000070   Code   RO          588    i.Write_IIC_Byte    oled.o
    0x08002efc   0x0000002e   Code   RO          589    i.Write_IIC_Command  oled.o
    0x08002f2a   0x0000002e   Code   RO          590    i.Write_IIC_Data    oled.o
    0x08002f58   0x00000030   Code   RO          591    i.Write_IIC_Datas   oled.o
    0x08002f88   0x0000002e   Code   RO          592    i.Write_IIC_Datas_Fix  oled.o
    0x08002fb6   0x00000030   Code   RO         4664    i.__ARM_fpclassify  m_wm.l(fpclassify.o)
    0x08002fe6   0x0000000e   Code   RO         4452    i._is_digit         c_w.l(__printf_wp.o)
    0x08002ff4   0x00000002   Code   RO         1179    i._sys_exit         usart.o
    0x08002ff6   0x00000002   PAD
    0x08002ff8   0x0000031c   Code   RO            5    i.app_task_frm      main.o
    0x08003314   0x000001d4   Code   RO            6    i.app_task_init     main.o
    0x080034e8   0x00000138   Code   RO            7    i.app_task_key      main.o
    0x08003620   0x000002b8   Code   RO            8    i.app_task_motor    main.o
    0x080038d8   0x000000b4   Code   RO            9    i.app_task_rtc      main.o
    0x0800398c   0x000002b0   Code   RO           10    i.app_task_sr04     main.o
    0x08003c3c   0x00000200   Code   RO           11    i.app_task_usart    main.o
    0x08003e3c   0x00000034   Code   RO         1094    i.asr_init          asrpro.o
    0x08003e70   0x0000000c   Code   RO         1095    i.asr_send_str      asrpro.o
    0x08003e7c   0x00000018   Code   RO          942    i.bcc_check         fm225.o
    0x08003e94   0x0000003c   Code   RO          820    i.beep_init         beep.o
    0x08003ed0   0x00000010   Code   RO          821    i.beep_off          beep.o
    0x08003ee0   0x00000010   Code   RO          822    i.beep_on           beep.o
    0x08003ef0   0x00000004   Code   RO         1120    i.delay_ms          delay.o
    0x08003ef4   0x00000050   Code   RO         1121    i.delay_us          delay.o
    0x08003f44   0x00000030   Code   RO           12    i.dgb_printf_safe   main.o
    0x08003f74   0x0000003c   Code   RO          539    i.dht11_init        dht11.o
    0x08003fb0   0x0000015c   Code   RO          541    i.dht11_read_data   dht11.o
    0x0800410c   0x00000018   Code   RO         1180    i.fputc             usart.o
    0x08004124   0x000000c0   Code   RO          943    i.fr_del_user_all   fm225.o
    0x080041e4   0x000000cc   Code   RO          944    i.fr_get_user_total  fm225.o
    0x080042b0   0x0000001e   Code   RO          945    i.fr_init           fm225.o
    0x080042ce   0x00000002   PAD
    0x080042d0   0x000000e0   Code   RO          946    i.fr_match          fm225.o
    0x080043b0   0x000000c8   Code   RO          947    i.fr_power_down     fm225.o
    0x08004478   0x000000f4   Code   RO          948    i.fr_reg_user       fm225.o
    0x0800456c   0x000000c8   Code   RO          949    i.fr_reset          fm225.o
    0x08004634   0x0000003c   Code   RO          950    i.fr_send           fm225.o
    0x08004670   0x00000024   Code   RO          593    i.i2c_sda_mode      oled.o
    0x08004694   0x00000040   Code   RO          594    i.i2c_start         oled.o
    0x080046d4   0x00000044   Code   RO          595    i.i2c_stop          oled.o
    0x08004718   0x0000003c   Code   RO          596    i.i2c_wait_ack      oled.o
    0x08004754   0x000000d4   Code   RO          856    i.key_init          key.o
    0x08004828   0x00000040   Code   RO          433    i.led_init          led.o
    0x08004868   0x00000080   Code   RO           13    i.main              main.o
    0x080048e8   0x0000009c   Code   RO         1027    i.motor_corotation_double_pos_180  uln2003.o
    0x08004984   0x0000009c   Code   RO         1029    i.motor_corotation_double_rev_180  uln2003.o
    0x08004a20   0x00000074   Code   RO         1034    i.motor_init        uln2003.o
    0x08004a94   0x00000070   Code   RO         3834    i.prvAddCurrentTaskToDelayedList  tasks.o
    0x08004b04   0x000000d0   Code   RO         3835    i.prvAddNewTaskToReadyList  tasks.o
    0x08004bd4   0x00000050   Code   RO         4164    i.prvCheckForValidListAndQueue  timers.o
    0x08004c24   0x00000026   Code   RO         3486    i.prvCopyDataFromQueue  queue.o
    0x08004c4a   0x0000006c   Code   RO         3487    i.prvCopyDataToQueue  queue.o
    0x08004cb6   0x00000014   Code   RO         3836    i.prvDeleteTCB      tasks.o
    0x08004cca   0x00000002   PAD
    0x08004ccc   0x0000004c   Code   RO         4294    i.prvHeapInit       heap_4.o
    0x08004d18   0x00000060   Code   RO         3837    i.prvIdleTask       tasks.o
    0x08004d78   0x0000009c   Code   RO         3838    i.prvInitialiseNewTask  tasks.o
    0x08004e14   0x0000004c   Code   RO         4295    i.prvInsertBlockIntoFreeList  heap_4.o
    0x08004e60   0x00000038   Code   RO         4165    i.prvInsertTimerInActiveList  timers.o
    0x08004e98   0x0000001a   Code   RO         3488    i.prvIsQueueEmpty   queue.o
    0x08004eb2   0x00000002   PAD
    0x08004eb4   0x000000c4   Code   RO         4166    i.prvProcessReceivedCommands  timers.o
    0x08004f78   0x000000b4   Code   RO         4167    i.prvProcessTimerOrBlockTask  timers.o
    0x0800502c   0x00000020   Code   RO         3840    i.prvResetNextTaskUnblockTime  tasks.o
    0x0800504c   0x00000028   Code   RO         4168    i.prvSampleTimeNow  timers.o
    0x08005074   0x0000006c   Code   RO         4169    i.prvSwitchTimerLists  timers.o
    0x080050e0   0x00000028   Code   RO         4345    i.prvTaskExitError  port.o
    0x08005108   0x00000034   Code   RO         3841    i.prvTaskIsTaskSuspended  tasks.o
    0x0800513c   0x00000014   Code   RO         3333    i.prvTestWaitCondition  event_groups.o
    0x08005150   0x00000028   Code   RO         4170    i.prvTimerTask      timers.o
    0x08005178   0x0000006a   Code   RO         3489    i.prvUnlockQueue    queue.o
    0x080051e2   0x00000002   PAD
    0x080051e4   0x000000dc   Code   RO         4296    i.pvPortMalloc      heap_4.o
    0x080052c0   0x00000018   Code   RO         3842    i.pvTaskIncrementMutexHeldCount  tasks.o
    0x080052d8   0x0000002c   Code   RO         4346    i.pxPortInitialiseStack  port.o
    0x08005304   0x000000e4   Code   RO          775    i.rtc_init          rtc.o
    0x080053e8   0x0000006c   Code   RO          915    i.sr04_get_distance  sr04.o
    0x08005454   0x00000058   Code   RO          916    i.sr04_init         sr04.o
    0x080054ac   0x00000068   Code   RO          952    i.tim3_init         fm225.o
    0x08005514   0x000000a4   Code   RO         1181    i.usart1_init       usart.o
    0x080055b8   0x000000a0   Code   RO         1182    i.usart2_init       usart.o
    0x08005658   0x000000a0   Code   RO         1183    i.usart3_init       usart.o
    0x080056f8   0x0000002c   Code   RO         1185    i.usart_send_str    usart.o
    0x08005724   0x00000026   Code   RO         3446    i.uxListRemove      list.o
    0x0800574a   0x00000002   PAD
    0x0800574c   0x00000018   Code   RO         3849    i.uxTaskResetEventItemValue  tasks.o
    0x08005764   0x00000002   Code   RO           14    i.vApplicationIdleHook  main.o
    0x08005766   0x00000010   Code   RO           15    i.vApplicationMallocFailedHook  main.o
    0x08005776   0x00000010   Code   RO           16    i.vApplicationStackOverflowHook  main.o
    0x08005786   0x00000002   Code   RO           17    i.vApplicationTickHook  main.o
    0x08005788   0x00000004   Code   RO         3337    i.vEventGroupSetBitsCallback  event_groups.o
    0x0800578c   0x00000016   Code   RO         3447    i.vListInitialise   list.o
    0x080057a2   0x00000006   Code   RO         3448    i.vListInitialiseItem  list.o
    0x080057a8   0x00000030   Code   RO         3449    i.vListInsert       list.o
    0x080057d8   0x00000018   Code   RO         3450    i.vListInsertEnd    list.o
    0x080057f0   0x00000040   Code   RO         4348    i.vPortEnterCritical  port.o
    0x08005830   0x00000028   Code   RO         4349    i.vPortExitCritical  port.o
    0x08005858   0x0000005c   Code   RO         4297    i.vPortFree         heap_4.o
    0x080058b4   0x00000024   Code   RO         4350    i.vPortSetupTimerInterrupt  port.o
    0x080058d8   0x00000054   Code   RO         4351    i.vPortValidateInterruptPriority  port.o
    0x0800592c   0x00000024   Code   RO         3495    i.vQueueAddToRegistry  queue.o
    0x08005950   0x00000044   Code   RO         3499    i.vQueueWaitForMessageRestricted  queue.o
    0x08005994   0x0000004c   Code   RO         3850    i.vTaskDelay        tasks.o
    0x080059e0   0x000000ac   Code   RO         3852    i.vTaskDelete       tasks.o
    0x08005a8c   0x00000010   Code   RO         3855    i.vTaskInternalSetTimeOutState  tasks.o
    0x08005a9c   0x0000000c   Code   RO         3856    i.vTaskMissedYield  tasks.o
    0x08005aa8   0x00000030   Code   RO         3858    i.vTaskPlaceOnEventList  tasks.o
    0x08005ad8   0x00000038   Code   RO         3859    i.vTaskPlaceOnEventListRestricted  tasks.o
    0x08005b10   0x0000004c   Code   RO         3860    i.vTaskPlaceOnUnorderedEventList  tasks.o
    0x08005b5c   0x000000ac   Code   RO         3861    i.vTaskPriorityDisinheritAfterTimeout  tasks.o
    0x08005c08   0x00000070   Code   RO         3863    i.vTaskRemoveFromUnorderedEventList  tasks.o
    0x08005c78   0x0000007c   Code   RO         3864    i.vTaskResume       tasks.o
    0x08005cf4   0x00000070   Code   RO         3867    i.vTaskStartScheduler  tasks.o
    0x08005d64   0x000000bc   Code   RO         3868    i.vTaskSuspend      tasks.o
    0x08005e20   0x00000010   Code   RO         3869    i.vTaskSuspendAll   tasks.o
    0x08005e30   0x00000088   Code   RO         3870    i.vTaskSwitchContext  tasks.o
    0x08005eb8   0x0000001a   Code   RO         3341    i.xEventGroupCreate  event_groups.o
    0x08005ed2   0x0000008c   Code   RO         3343    i.xEventGroupSetBits  event_groups.o
    0x08005f5e   0x00000002   PAD
    0x08005f60   0x00000010   Code   RO         3344    i.xEventGroupSetBitsFromISR  event_groups.o
    0x08005f70   0x00000108   Code   RO         3346    i.xEventGroupWaitBits  event_groups.o
    0x08006078   0x000000f4   Code   RO         4352    i.xPortStartScheduler  port.o
    0x0800616c   0x00000024   Code   RO         3501    i.xQueueCreateMutex  queue.o
    0x08006190   0x00000052   Code   RO         3502    i.xQueueGenericCreate  queue.o
    0x080061e2   0x00000002   PAD
    0x080061e4   0x00000088   Code   RO         3503    i.xQueueGenericReset  queue.o
    0x0800626c   0x00000164   Code   RO         3504    i.xQueueGenericSend  queue.o
    0x080063d0   0x000000bc   Code   RO         3505    i.xQueueGenericSendFromISR  queue.o
    0x0800648c   0x0000009c   Code   RO         3506    i.xQueueGiveFromISR  queue.o
    0x08006528   0x00000138   Code   RO         3512    i.xQueueReceive     queue.o
    0x08006660   0x00000178   Code   RO         3514    i.xQueueSemaphoreTake  queue.o
    0x080067d8   0x00000074   Code   RO         3871    i.xTaskCheckForTimeOut  tasks.o
    0x0800684c   0x00000056   Code   RO         3872    i.xTaskCreate       tasks.o
    0x080068a2   0x00000002   PAD
    0x080068a4   0x0000001c   Code   RO         3876    i.xTaskGetSchedulerState  tasks.o
    0x080068c0   0x0000000c   Code   RO         3877    i.xTaskGetTickCount  tasks.o
    0x080068cc   0x000000c0   Code   RO         3879    i.xTaskIncrementTick  tasks.o
    0x0800698c   0x00000098   Code   RO         3882    i.xTaskPriorityDisinherit  tasks.o
    0x08006a24   0x00000094   Code   RO         3883    i.xTaskPriorityInherit  tasks.o
    0x08006ab8   0x00000078   Code   RO         3884    i.xTaskRemoveFromEventList  tasks.o
    0x08006b30   0x000000c4   Code   RO         3885    i.xTaskResumeAll    tasks.o
    0x08006bf4   0x0000004c   Code   RO         4176    i.xTimerCreateTimerTask  timers.o
    0x08006c40   0x00000064   Code   RO         4177    i.xTimerGenericCommand  timers.o
    0x08006ca4   0x00000028   Code   RO         4183    i.xTimerPendFunctionCallFromISR  timers.o
    0x08006ccc   0x0000002c   Code   RO         4648    locale$$code        c_w.l(lc_ctype_c.o)
    0x08006cf8   0x0000002c   Code   RO         4651    locale$$code        c_w.l(lc_numeric_c.o)
    0x08006d24   0x0000000a   Code   RO         4724    x$fpl$fpinit        fz_wm.l(fpinit.o)
    0x08006d2e   0x00000004   Code   RO         4569    x$fpl$printf1       fz_wm.l(printf1.o)
    0x08006d32   0x00000000   Code   RO         4663    x$fpl$usenofp       fz_wm.l(usenofp.o)
    0x08006d32   0x00001098   Data   RO          599    .constdata          oled.o
    0x08007dca   0x00000080   Data   RO          748    .constdata          bmp.o
    0x08007e4a   0x00000080   Data   RO          749    .constdata          bmp.o
    0x08007eca   0x00000080   Data   RO          750    .constdata          bmp.o
    0x08007f4a   0x00000011   Data   RO         4460    .constdata          c_w.l(__printf_flags_ss_wp.o)
    0x08007f5b   0x00000001   PAD
    0x08007f5c   0x00000008   Data   RO         4511    .constdata          c_w.l(_printf_wctomb.o)
    0x08007f64   0x00000028   Data   RO         4540    .constdata          c_w.l(_printf_hex_int_ll_ptr.o)
    0x08007f8c   0x00000094   Data   RO         4623    .constdata          c_w.l(bigflt0.o)
    0x08008020   0x000000e6   Data   RO           22    .conststring        main.o
    0x08008106   0x00000002   PAD
    0x08008108   0x00000020   Data   RO         4787    Region$$Table       anon$$obj.o
    0x08008128   0x00000110   Data   RO         4647    locale$$data        c_w.l(lc_ctype_c.o)
    0x08008238   0x0000001c   Data   RO         4650    locale$$data        c_w.l(lc_numeric_c.o)


    Execution Region RW_IRAM1 (Base: 0x20000000, Size: 0x00014100, Max: 0x00020000, ABSOLUTE)

    Base Addr    Size         Type   Attr      Idx    E Section Name        Object

    0x20000000   0x00000044   Data   RW           23    .data               main.o
    0x20000044   0x00000008   Data   RW           24    .data               main.o
    0x2000004c   0x00000008   Data   RW           25    .data               main.o
    0x20000054   0x00000004   Data   RW           26    .data               main.o
    0x20000058   0x00000014   Data   RW          402    .data               system_stm32f4xx.o
    0x2000006c   0x0000000c   Data   RW         1190    .data               usart.o
    0x20000078   0x00000004   Data   RW         1191    .data               usart.o
    0x2000007c   0x00000004   Data   RW         1192    .data               usart.o
    0x20000080   0x00000010   Data   RW         1474    .data               stm32f4xx_rcc.o
    0x20000090   0x0000003c   Data   RW         3888    .data               tasks.o
    0x200000cc   0x00000014   Data   RW         4185    .data               timers.o
    0x200000e0   0x00000018   Data   RW         4302    .data               heap_4.o
    0x200000f8   0x0000000c   Data   RW         4353    .data               port.o
    0x20000104   0x00000004   Data   RW         4468    .data               c_w.l(strtok.o)
    0x20000108   0x00000010   Zero   RW           18    .bss                main.o
    0x20000118   0x0000000c   Zero   RW           19    .bss                main.o
    0x20000124   0x0000000c   Zero   RW           21    .bss                main.o
    0x20000130   0x00000800   Zero   RW          598    .bss                oled.o
    0x20000930   0x00000100   Zero   RW          953    .bss                fm225.o
    0x20000a30   0x00000120   Zero   RW         1186    .bss                usart.o
    0x20000b50   0x00000040   Zero   RW         3516    .bss                queue.o
    0x20000b90   0x000002e4   Zero   RW         3887    .bss                tasks.o
    0x20000e74   0x00000028   Zero   RW         4184    .bss                timers.o
    0x20000e9c   0x00012c00   Zero   RW         4301    .bss                heap_4.o
    0x20013a9c   0x00000060   Zero   RW         4572    .bss                c_w.l(libspace.o)
    0x20013afc   0x00000004   PAD
    0x20013b00   0x00000200   Zero   RW         1271    HEAP                startup_stm32f40_41xxx.o
    0x20013d00   0x00000400   Zero   RW         1270    STACK               startup_stm32f40_41xxx.o


==============================================================================

Image component sizes


      Code (inc. data)   RO Data    RW Data    ZI Data      Debug   Object Name

         0          0          0          0          0       5608   adc.o
        64         12          0          0          0       1002   asrpro.o
        92         24          0          0          0       1385   beep.o
         0          0        384          0          0        635   bmp.o
        84          8          0          0          0       1094   delay.o
       408         24          0          0          0       1795   dht11.o
       470         10          0          0          0      15236   event_groups.o
      1610        388          0          0        256       8116   fm225.o
       464         22          0         24      76800       3935   heap_4.o
       452         44          0          0          0       5847   key.o
        64          6          0          0          0     231991   led.o
       138          0          0          0          0       2990   list.o
      3908        972        230         88         40     355132   main.o
       120         14          0          0          0       1391   misc.o
      1330         80       4248          0       2048      10568   oled.o
       786         80          0         12          0      10681   port.o
      2024         22          0          0         64      14732   queue.o
       310         24          0          0          0       1700   rtc.o
       196         20          0          0          0       1216   sr04.o
        64         26        392          0       1536        832   startup_stm32f40_41xxx.o
       144         14          0          0          0       1984   stm32f4xx_exti.o
       156          0          0          0          0       2066   stm32f4xx_gpio.o
        12          0          0          0          0       2625   stm32f4xx_it.o
        12          6          0          0          0        494   stm32f4xx_pwr.o
       340         56          0         16          0       6555   stm32f4xx_rcc.o
      1074         98          0          0          0      10863   stm32f4xx_rtc.o
        48          6          0          0          0        592   stm32f4xx_syscfg.o
       194         28          0          0          0       4810   stm32f4xx_tim.o
       350          8          0          0          0       5933   stm32f4xx_usart.o
       272         36          0         20          0       1709   system_stm32f4xx.o
      3090        256          0         60        740      26321   tasks.o
       916         90          0         20         40       8983   timers.o
       428         40          0          0          0       1941   uln2003.o
       898        120          0         20        288       7309   usart.o

    ----------------------------------------------------------------------
     20552       2534       5288        260      81812     758071   Object Totals
         0          0         32          0          0          0   (incl. Generated)
        34          0          2          0          0          0   (incl. Padding)

    ----------------------------------------------------------------------

      Code (inc. data)   RO Data    RW Data    ZI Data      Debug   Library Member Name

        24          4          0          0          0         84   __2printf.o
        44          6          0          0          0         84   __2sprintf.o
         8          0          0          0          0         68   __main.o
       392          4         17          0          0         92   __printf_flags_ss_wp.o
        14          0          0          0          0         68   __printf_wp.o
         0          0          0          0          0          0   __rtentry.o
        12          0          0          0          0          0   __rtentry2.o
         6          0          0          0          0          0   __rtentry4.o
        52          8          0          0          0          0   __scatter.o
        26          0          0          0          0          0   __scatter_copy.o
        28          0          0          0          0          0   __scatter_zi.o
        28          0          0          0          0         68   _chval.o
         6          0          0          0          0          0   _printf_a.o
         6          0          0          0          0          0   _printf_c.o
        44          0          0          0          0        108   _printf_char.o
        48          6          0          0          0         96   _printf_char_common.o
        36          4          0          0          0         80   _printf_char_file.o
        40          0          0          0          0         68   _printf_charcount.o
         6          0          0          0          0          0   _printf_d.o
       120         16          0          0          0         92   _printf_dec.o
         6          0          0          0          0          0   _printf_e.o
         6          0          0          0          0          0   _printf_f.o
      1050          0          0          0          0        216   _printf_fp_dec.o
       128         16          0          0          0         84   _printf_fp_infnan.o
         6          0          0          0          0          0   _printf_g.o
       148          4         40          0          0        160   _printf_hex_int_ll_ptr.o
         6          0          0          0          0          0   _printf_i.o
       178          0          0          0          0         88   _printf_intcommon.o
        10          0          0          0          0          0   _printf_l.o
         6          0          0          0          0          0   _printf_lc.o
        10          0          0          0          0          0   _printf_ll.o
         6          0          0          0          0          0   _printf_lld.o
         6          0          0          0          0          0   _printf_lli.o
         6          0          0          0          0          0   _printf_llo.o
         6          0          0          0          0          0   _printf_llu.o
         6          0          0          0          0          0   _printf_llx.o
       124         16          0          0          0         92   _printf_longlong_dec.o
         6          0          0          0          0          0   _printf_ls.o
         6          0          0          0          0          0   _printf_n.o
         6          0          0          0          0          0   _printf_o.o
       112          8          0          0          0        124   _printf_oct_int_ll.o
         6          0          0          0          0          0   _printf_p.o
        78          0          0          0          0        108   _printf_pad.o
         0          0          0          0          0          0   _printf_percent.o
         4          0          0          0          0          0   _printf_percent_end.o
         6          0          0          0          0          0   _printf_s.o
        82          0          0          0          0         80   _printf_str.o
        36          0          0          0          0         84   _printf_truncate.o
         6          0          0          0          0          0   _printf_u.o
        44          0          0          0          0        108   _printf_wchar.o
       188          6          8          0          0         92   _printf_wctomb.o
         6          0          0          0          0          0   _printf_x.o
        10          0          0          0          0         68   _sputc.o
       158          0          0          0          0         92   _strtoul.o
        64          0          0          0          0         92   _wcrtomb.o
        16          0          0          0          0         68   aeabi_memset.o
        26          0          0          0          0         80   atoi.o
       220          4        148          0          0         96   bigflt0.o
      1910        128          0          0          0        672   btod.o
        12          4          0          0          0         68   c89vprintf.o
        12          0          0          0          0         72   exit.o
         8          0          0          0          0         68   ferror.o
         6          0          0          0          0        152   heapauxi.o
        44         10        272          0          0         76   lc_ctype_c.o
        44         10         28          0          0         76   lc_numeric_c.o
         2          0          0          0          0          0   libinit.o
        34          0          0          0          0          0   libinit2.o
         2          0          0          0          0          0   libshutdown.o
         2          0          0          0          0          0   libshutdown2.o
         8          4          0          0         96         68   libspace.o
       138          0          0          0          0         80   lludiv10.o
        16          4          0          0          0         76   rt_ctype_table.o
         8          4          0          0          0         68   rt_errno_addr_intlibspace.o
         8          4          0          0          0         68   rt_locale_intlibspace.o
        68          0          0          0          0         68   rt_memclr.o
        78          0          0          0          0         80   rt_memclr_w.o
       138          0          0          0          0         68   rt_memcpy_v6.o
       100          0          0          0          0         80   rt_memcpy_w.o
         2          0          0          0          0          0   rtexit.o
        10          0          0          0          0          0   rtexit2.o
       128          0          0          0          0         68   strcmpv7m.o
        32          0          0          0          0         80   strcspn.o
        62          0          0          0          0         76   strlen.o
        28          0          0          0          0         80   strspn.o
        36          0          0          0          0         80   strstr.o
        12          6          0          4          0         68   strtok.o
        68          4          0          0          0         84   strtok_int.o
       112          0          0          0          0         88   strtol.o
        74          0          0          0          0         80   sys_stackheap_outer.o
         2          0          0          0          0         68   use_no_semi.o
         2          0          0          0          0         68   use_no_semi_2.o
        10          0          0          0          0        116   fpinit.o
         4          0          0          0          0        116   printf1.o
         0          0          0          0          0          0   usenofp.o
        48          0          0          0          0        124   fpclassify.o

    ----------------------------------------------------------------------
      7010        280        514          4        100       5676   Library Totals
        14          0          1          0          4          0   (incl. Padding)

    ----------------------------------------------------------------------

      Code (inc. data)   RO Data    RW Data    ZI Data      Debug   Library Name

      6934        280        513          4         96       5320   c_w.l
        14          0          0          0          0        232   fz_wm.l
        48          0          0          0          0        124   m_wm.l

    ----------------------------------------------------------------------
      7010        280        514          4        100       5676   Library Totals

    ----------------------------------------------------------------------

==============================================================================


      Code (inc. data)   RO Data    RW Data    ZI Data      Debug   

     27562       2814       5802        264      81912     739879   Grand Totals
     27562       2814       5802        264      81912     739879   ELF Image Totals
     27562       2814       5802        264          0          0   ROM Totals

==============================================================================

    Total RO  Size (Code + RO Data)                33364 (  32.58kB)
    Total RW  Size (RW Data + ZI Data)             82176 (  80.25kB)
    Total ROM Size (Code + RO Data + RW Data)      33628 (  32.84kB)

==============================================================================

