<html>
<body>
<pre>
<h1>µVision Build Log</h1>
<h2>Tool Versions:</h2>
IDE-Version: ¦ÌVision V5.14.0.0
Copyright (C) 2015 ARM Ltd and ARM Germany GmbH. All rights reserved.
License Information: CUI hen, cuihen, LIC=MPPLD-8JBN3-LQY0Q-N8UGM-Z4PU1-TKSP3
 
Tool Versions:
Toolchain:       MDK-ARM Standard  Version: 5.14.0.0
Toolchain Path:  D:\Keil_v5.14\ARM\ARMCC\Bin
C Compiler:      Armcc.exe V5.05 update 1 (build 106)
Assembler:       Armasm.exe V5.05 update 1 (build 106)
Linker/Locator:  ArmLink.exe V5.05 update 1 (build 106)
Library Manager: ArmAr.exe V5.05 update 1 (build 106)
Hex Converter:   FromElf.exe V5.05 update 1 (build 106)
CPU DLL:         SARMCM3.DLL V5.14.0.0
Dialog DLL:      DCM.DLL V1.13.1.0
Target DLL:      Segger\JL2CM3.dll V2.99.13.0
Dialog DLL:      TCM.DLL V1.14.4.0
 
<h2>Project:</h2>
F:\Embedded\Stm32\Project\Smart_Lock\USER\FreeRTOS.uvprojx
Project File Date:  11/02/2024

<h2>Output:</h2>
Build target 'FreeRTOS'
compiling main.c...
compiling adc.c...
compiling dht11.c...
compiling oled.c...
compiling bmp.c...
compiling rtc.c...
compiling beep.c...
compiling key.c...
compiling fm225.c...
compiling uln2003.c...
compiling asrpro.c...
compiling usart.c...
linking...
Program Size: Code=27562 RO-data=5802 RW-data=264 ZI-data=81912  
FromELF: creating hex file...
"..\OBJ\demo.axf" - 0 Error(s), 0 Warning(s).

<h2>Collection of Component include folders:</h2>
  F:\Embedded\Stm32\Project\Smart_Lock\USER\RTE
  D:\Keil_v5.14\ARM\PACK\Keil\STM32F4xx_DFP\1.0.8\Device\Include

<h2>Collection of Component Files used:</h2>
</pre>
</body>
</html>
